Component: ARM Compiler 5.06 update 7 (build 960) Tool: armlink [4d3601]

==============================================================================

Section Cross References

    main.o(i.SPI2_IRQHandler) refers to gd32f4xx_spi.o(i.spi_i2s_interrupt_flag_get) for spi_i2s_interrupt_flag_get
    main.o(i.SPI2_IRQHandler) refers to gd32f4xx_spi.o(i.spi_i2s_data_transmit) for spi_i2s_data_transmit
    main.o(i.SPI2_IRQHandler) refers to gd32f4xx_spi.o(i.spi_i2s_data_receive) for spi_i2s_data_receive
    main.o(i.SPI2_IRQHandler) refers to main.o(i.print_dB) for print_dB
    main.o(i.SPI2_IRQHandler) refers to gd32f4xx_spi.o(i.spi_i2s_interrupt_disable) for spi_i2s_interrupt_disable
    main.o(i.SPI2_IRQHandler) refers to main.o(.data) for playflag
    main.o(i.SPI2_IRQHandler) refers to main.o(.bss) for playdata
    main.o(i.TIMER3_IRQHandler) refers to gd32f4xx_timer.o(i.timer_interrupt_flag_get) for timer_interrupt_flag_get
    main.o(i.TIMER3_IRQHandler) refers to gd32f4xx_timer.o(i.timer_interrupt_flag_clear) for timer_interrupt_flag_clear
    main.o(i.TIMER3_IRQHandler) refers to main.o(.data) for delay_count
    main.o(i.calculateDB) refers to dfltui.o(.text) for __aeabi_ui2d
    main.o(i.calculateDB) refers to cdcmple.o(.text) for __aeabi_cdcmple
    main.o(i.calculateDB) refers to ddiv.o(.text) for __aeabi_ddiv
    main.o(i.calculateDB) refers to dmul.o(.text) for __aeabi_dmul
    main.o(i.calculateDB) refers to dadd.o(.text) for __aeabi_dadd
    main.o(i.calculateDB) refers to sqrt.o(i.__hardfp_sqrt) for __hardfp_sqrt
    main.o(i.calculateDB) refers to log10.o(i.__hardfp_log10) for __hardfp_log10
    main.o(i.calculateDB) refers to main.o(.bss) for playdata
    main.o(i.calculateDB) refers to main.o(.data) for playcnt
    main.o(i.debug_printf) refers to strlen.o(.text) for strlen
    main.o(i.debug_printf) refers to strncpy.o(.text) for strncpy
    main.o(i.debug_printf) refers to main.o(i.uart_print) for uart_print
    main.o(i.dis_led_init) refers to gd32f4xx_rcu.o(i.rcu_periph_clock_enable) for rcu_periph_clock_enable
    main.o(i.dis_led_init) refers to gd32f4xx_gpio.o(i.gpio_mode_set) for gpio_mode_set
    main.o(i.dis_led_init) refers to gd32f4xx_gpio.o(i.gpio_output_options_set) for gpio_output_options_set
    main.o(i.fputc) refers to main.o(i.print_buf_putchar) for print_buf_putchar
    main.o(i.main) refers to led.o(i.led_init) for led_init
    main.o(i.main) refers to rgb.o(i.ugly_875ns_delay) for ugly_875ns_delay
    main.o(i.main) refers to rgb.o(i.ugly_408ns_delay) for ugly_408ns_delay
    main.o(i.main) refers to printfa.o(i.__0printf) for __2printf
    main.o(i.main) refers to gd32f4xx_misc.o(i.nvic_priority_group_set) for nvic_priority_group_set
    main.o(i.main) refers to main.o(i.dis_led_init) for dis_led_init
    main.o(i.main) refers to e4.o(i.e4_init) for e4_init
    main.o(i.main) refers to e4.o(i.e4_sound_recording_config) for e4_sound_recording_config
    main.o(i.main) refers to gd32f4xx_misc.o(i.nvic_irq_enable) for nvic_irq_enable
    main.o(i.main) refers to main.o(.bss) for colorBuffer
    main.o(i.main) refers to main.o(.data) for start_flag
    main.o(i.print_buf_putchar) refers to main.o(.bss) for stdio_print_buf
    main.o(i.print_dB) refers to main.o(i.calculateDB) for calculateDB
    main.o(i.print_dB) refers to printfa.o(i.__0printf) for __2printf
    main.o(i.print_dB) refers to cdrcmple.o(.text) for __aeabi_cdrcmple
    main.o(i.print_dB) refers to cdcmple.o(.text) for __aeabi_cdcmple
    main.o(i.print_dB) refers to main.o(i.spark) for spark
    main.o(i.print_dB) refers to rgb.o(i.send_led) for send_led
    main.o(i.print_dB) refers to main.o(.bss) for colorBuffer
    main.o(i.seatTimer) refers to main.o(i.getSeatStatus) for getSeatStatus
    main.o(i.seatTimer) refers to main.o(i.spark) for spark
    main.o(i.seatTimer) refers to main.o(.data) for seatMin
    main.o(i.spark) refers to rgb.o(i.send_rgb) for send_rgb
    main.o(i.spark) refers to printfa.o(i.__0printf) for __2printf
    main.o(i.spark) refers to platform_systick.o(i.delay_ms_1) for delay_ms_1
    main.o(i.spark) refers to rgb.o(i.send_led) for send_led
    main.o(i.spark) refers to main.o(.bss) for colorBuffer
    main.o(i.timer3_init) refers to gd32f4xx_rcu.o(i.rcu_periph_clock_enable) for rcu_periph_clock_enable
    main.o(i.timer3_init) refers to gd32f4xx_timer.o(i.timer_deinit) for timer_deinit
    main.o(i.timer3_init) refers to gd32f4xx_timer.o(i.timer_init) for timer_init
    main.o(i.timer3_init) refers to gd32f4xx_misc.o(i.nvic_irq_enable) for nvic_irq_enable
    main.o(i.timer3_init) refers to gd32f4xx_timer.o(i.timer_interrupt_enable) for timer_interrupt_enable
    main.o(i.timer3_init) refers to gd32f4xx_timer.o(i.timer_enable) for timer_enable
    main.o(i.uart_init) refers to gd32f4xx_misc.o(i.nvic_irq_enable) for nvic_irq_enable
    main.o(i.uart_init) refers to gd32f4xx_rcu.o(i.rcu_periph_clock_enable) for rcu_periph_clock_enable
[...]
    Removing gd32f4xx_timer.o(i.timer_enable), (10 bytes).
    Removing gd32f4xx_timer.o(i.timer_event_software_generate), (8 bytes).
    Removing gd32f4xx_timer.o(i.timer_external_clock_mode0_config), (40 bytes).
    Removing gd32f4xx_timer.o(i.timer_external_clock_mode1_config), (32 bytes).
    Removing gd32f4xx_timer.o(i.timer_external_clock_mode1_disable), (10 bytes).
    Removing gd32f4xx_timer.o(i.timer_external_trigger_as_external_clock_config), (166 bytes).
    Removing gd32f4xx_timer.o(i.timer_external_trigger_config), (30 bytes).
    Removing gd32f4xx_timer.o(i.timer_flag_clear), (6 bytes).
    Removing gd32f4xx_timer.o(i.timer_flag_get), (16 bytes).
    Removing gd32f4xx_timer.o(i.timer_hall_mode_config), (26 bytes).
    Removing gd32f4xx_timer.o(i.timer_init), (152 bytes).
    Removing gd32f4xx_timer.o(i.timer_input_capture_config), (326 bytes).
    Removing gd32f4xx_timer.o(i.timer_input_pwm_capture_config), (356 bytes).
    Removing gd32f4xx_timer.o(i.timer_input_trigger_source_select), (16 bytes).
    Removing gd32f4xx_timer.o(i.timer_internal_clock_config), (10 bytes).
    Removing gd32f4xx_timer.o(i.timer_internal_trigger_as_external_clock_config), (32 bytes).
    Removing gd32f4xx_timer.o(i.timer_interrupt_disable), (8 bytes).
    Removing gd32f4xx_timer.o(i.timer_interrupt_enable), (8 bytes).
    Removing gd32f4xx_timer.o(i.timer_master_output_trigger_source_select), (16 bytes).
    Removing gd32f4xx_timer.o(i.timer_master_slave_mode_config), (26 bytes).
    Removing gd32f4xx_timer.o(i.timer_output_value_selection_config), (34 bytes).
    Removing gd32f4xx_timer.o(i.timer_prescaler_config), (14 bytes).
    Removing gd32f4xx_timer.o(i.timer_prescaler_read), (10 bytes).
    Removing gd32f4xx_timer.o(i.timer_primary_output_config), (24 bytes).
    Removing gd32f4xx_timer.o(i.timer_quadrature_decoder_mode_config), (64 bytes).
    Removing gd32f4xx_timer.o(i.timer_repetition_value_config), (4 bytes).
    Removing gd32f4xx_timer.o(i.timer_single_pulse_mode_config), (26 bytes).
    Removing gd32f4xx_timer.o(i.timer_slave_mode_select), (16 bytes).
    Removing gd32f4xx_timer.o(i.timer_struct_para_init), (22 bytes).
    Removing gd32f4xx_timer.o(i.timer_update_event_disable), (10 bytes).
    Removing gd32f4xx_timer.o(i.timer_update_event_enable), (10 bytes).
    Removing gd32f4xx_timer.o(i.timer_update_source_config), (26 bytes).
    Removing gd32f4xx_timer.o(i.timer_write_chxval_register_config), (34 bytes).
    Removing gd32f4xx_tli.o(.rev16_text), (4 bytes).
    Removing gd32f4xx_tli.o(.revsh_text), (4 bytes).
    Removing gd32f4xx_tli.o(i.tli_color_key_disable), (14 bytes).
    Removing gd32f4xx_tli.o(i.tli_color_key_enable), (14 bytes).
    Removing gd32f4xx_tli.o(i.tli_color_key_init), (16 bytes).
    Removing gd32f4xx_tli.o(i.tli_current_pos_get), (12 bytes).
    Removing gd32f4xx_tli.o(i.tli_deinit), (20 bytes).
    Removing gd32f4xx_tli.o(i.tli_disable), (20 bytes).
    Removing gd32f4xx_tli.o(i.tli_dither_config), (36 bytes).
    Removing gd32f4xx_tli.o(i.tli_enable), (20 bytes).
    Removing gd32f4xx_tli.o(i.tli_flag_get), (36 bytes).
    Removing gd32f4xx_tli.o(i.tli_init), (188 bytes).
    Removing gd32f4xx_tli.o(i.tli_interrupt_disable), (16 bytes).
    Removing gd32f4xx_tli.o(i.tli_interrupt_enable), (16 bytes).
    Removing gd32f4xx_tli.o(i.tli_interrupt_flag_clear), (16 bytes).
    Removing gd32f4xx_tli.o(i.tli_interrupt_flag_get), (36 bytes).
    Removing gd32f4xx_tli.o(i.tli_layer_disable), (14 bytes).
    Removing gd32f4xx_tli.o(i.tli_layer_enable), (14 bytes).
    Removing gd32f4xx_tli.o(i.tli_layer_init), (152 bytes).
    Removing gd32f4xx_tli.o(i.tli_layer_struct_para_init), (48 bytes).
    Removing gd32f4xx_tli.o(i.tli_layer_window_offset_modify), (228 bytes).
    Removing gd32f4xx_tli.o(i.tli_line_mark_set), (24 bytes).
    Removing gd32f4xx_tli.o(i.tli_lut_disable), (14 bytes).
    Removing gd32f4xx_tli.o(i.tli_lut_enable), (14 bytes).
    Removing gd32f4xx_tli.o(i.tli_lut_init), (28 bytes).
    Removing gd32f4xx_tli.o(i.tli_lut_struct_para_init), (12 bytes).
    Removing gd32f4xx_tli.o(i.tli_reload_config), (36 bytes).
    Removing gd32f4xx_tli.o(i.tli_struct_para_init), (34 bytes).
    Removing gd32f4xx_trng.o(.rev16_text), (4 bytes).
    Removing gd32f4xx_trng.o(.revsh_text), (4 bytes).
    Removing gd32f4xx_trng.o(i.trng_deinit), (20 bytes).
    Removing gd32f4xx_trng.o(i.trng_disable), (20 bytes).
    Removing gd32f4xx_trng.o(i.trng_enable), (20 bytes).
    Removing gd32f4xx_trng.o(i.trng_flag_get), (24 bytes).
    Removing gd32f4xx_trng.o(i.trng_get_true_random_data), (12 bytes).
    Removing gd32f4xx_trng.o(i.trng_interrupt_disable), (20 bytes).
    Removing gd32f4xx_trng.o(i.trng_interrupt_enable), (20 bytes).
    Removing gd32f4xx_trng.o(i.trng_interrupt_flag_clear), (16 bytes).
    Removing gd32f4xx_trng.o(i.trng_interrupt_flag_get), (24 bytes).
    Removing gd32f4xx_usart.o(.rev16_text), (4 bytes).
    Removing gd32f4xx_usart.o(.revsh_text), (4 bytes).
    Removing gd32f4xx_usart.o(i.usart_address_config), (20 bytes).
    Removing gd32f4xx_usart.o(i.usart_baudrate_set), (232 bytes).
    Removing gd32f4xx_usart.o(i.usart_block_length_config), (28 bytes).
    Removing gd32f4xx_usart.o(i.usart_break_frame_coherence_config), (24 bytes).
    Removing gd32f4xx_usart.o(i.usart_data_first_config), (20 bytes).
    Removing gd32f4xx_usart.o(i.usart_data_receive), (10 bytes).
    Removing gd32f4xx_usart.o(i.usart_data_transmit), (8 bytes).
    Removing gd32f4xx_usart.o(i.usart_deinit), (220 bytes).
    Removing gd32f4xx_usart.o(i.usart_disable), (10 bytes).
    Removing gd32f4xx_usart.o(i.usart_dma_receive_config), (20 bytes).
    Removing gd32f4xx_usart.o(i.usart_dma_transmit_config), (20 bytes).
    Removing gd32f4xx_usart.o(i.usart_enable), (10 bytes).
    Removing gd32f4xx_usart.o(i.usart_flag_clear), (26 bytes).
    Removing gd32f4xx_usart.o(i.usart_flag_get), (30 bytes).
    Removing gd32f4xx_usart.o(i.usart_guard_time_config), (24 bytes).
    Removing gd32f4xx_usart.o(i.usart_halfduplex_disable), (10 bytes).
    Removing gd32f4xx_usart.o(i.usart_halfduplex_enable), (10 bytes).
    Removing gd32f4xx_usart.o(i.usart_hardware_flow_coherence_config), (24 bytes).
    Removing gd32f4xx_usart.o(i.usart_hardware_flow_cts_config), (20 bytes).
    Removing gd32f4xx_usart.o(i.usart_hardware_flow_rts_config), (20 bytes).
    Removing gd32f4xx_usart.o(i.usart_interrupt_disable), (26 bytes).
    Removing gd32f4xx_usart.o(i.usart_interrupt_enable), (26 bytes).
    Removing gd32f4xx_usart.o(i.usart_interrupt_flag_clear), (26 bytes).
    Removing gd32f4xx_usart.o(i.usart_interrupt_flag_get), (56 bytes).
    Removing gd32f4xx_usart.o(i.usart_invert_config), (104 bytes).
    Removing gd32f4xx_usart.o(i.usart_irda_lowpower_config), (20 bytes).
    Removing gd32f4xx_usart.o(i.usart_irda_mode_disable), (10 bytes).
    Removing gd32f4xx_usart.o(i.usart_irda_mode_enable), (10 bytes).
    Removing gd32f4xx_usart.o(i.usart_lin_break_detection_length_config), (20 bytes).
    Removing gd32f4xx_usart.o(i.usart_lin_mode_disable), (10 bytes).
    Removing gd32f4xx_usart.o(i.usart_lin_mode_enable), (10 bytes).
    Removing gd32f4xx_usart.o(i.usart_mute_mode_disable), (10 bytes).
    Removing gd32f4xx_usart.o(i.usart_mute_mode_enable), (10 bytes).
    Removing gd32f4xx_usart.o(i.usart_mute_mode_wakeup_config), (16 bytes).
    Removing gd32f4xx_usart.o(i.usart_oversample_config), (16 bytes).
    Removing gd32f4xx_usart.o(i.usart_parity_check_coherence_config), (24 bytes).
    Removing gd32f4xx_usart.o(i.usart_parity_config), (16 bytes).
    Removing gd32f4xx_usart.o(i.usart_prescaler_config), (16 bytes).
    Removing gd32f4xx_usart.o(i.usart_receive_config), (16 bytes).
    Removing gd32f4xx_usart.o(i.usart_receiver_timeout_disable), (14 bytes).
    Removing gd32f4xx_usart.o(i.usart_receiver_timeout_enable), (14 bytes).
    Removing gd32f4xx_usart.o(i.usart_receiver_timeout_threshold_config), (20 bytes).
    Removing gd32f4xx_usart.o(i.usart_sample_bit_config), (16 bytes).
    Removing gd32f4xx_usart.o(i.usart_send_break), (10 bytes).
    Removing gd32f4xx_usart.o(i.usart_smartcard_autoretry_config), (26 bytes).
    Removing gd32f4xx_usart.o(i.usart_smartcard_mode_disable), (10 bytes).
    Removing gd32f4xx_usart.o(i.usart_smartcard_mode_enable), (10 bytes).
    Removing gd32f4xx_usart.o(i.usart_smartcard_mode_nack_disable), (10 bytes).
    Removing gd32f4xx_usart.o(i.usart_smartcard_mode_nack_enable), (10 bytes).
    Removing gd32f4xx_usart.o(i.usart_stop_bit_set), (16 bytes).
    Removing gd32f4xx_usart.o(i.usart_synchronous_clock_config), (30 bytes).
    Removing gd32f4xx_usart.o(i.usart_synchronous_clock_disable), (10 bytes).
    Removing gd32f4xx_usart.o(i.usart_synchronous_clock_enable), (10 bytes).
    Removing gd32f4xx_usart.o(i.usart_transmit_config), (16 bytes).
    Removing gd32f4xx_usart.o(i.usart_word_length_set), (16 bytes).
    Removing gd32f4xx_wwdgt.o(.rev16_text), (4 bytes).
    Removing gd32f4xx_wwdgt.o(.revsh_text), (4 bytes).
    Removing gd32f4xx_wwdgt.o(i.wwdgt_config), (28 bytes).
    Removing gd32f4xx_wwdgt.o(i.wwdgt_counter_update), (16 bytes).
    Removing gd32f4xx_wwdgt.o(i.wwdgt_deinit), (20 bytes).
    Removing gd32f4xx_wwdgt.o(i.wwdgt_enable), (20 bytes).
    Removing gd32f4xx_wwdgt.o(i.wwdgt_flag_clear), (12 bytes).
    Removing gd32f4xx_wwdgt.o(i.wwdgt_flag_get), (24 bytes).
    Removing gd32f4xx_wwdgt.o(i.wwdgt_interrupt_enable), (20 bytes).
    Removing startup_gd32f450_470.o(HEAP), (1024 bytes).
    Removing system_gd32f4xx.o(.rev16_text), (4 bytes).
    Removing system_gd32f4xx.o(.revsh_text), (4 bytes).
    Removing system_gd32f4xx.o(i.SystemCoreClockUpdate), (272 bytes).
    Removing system_gd32f4xx.o(.data), (4 bytes).
    Removing e4.o(.rev16_text), (4 bytes).
    Removing e4.o(.revsh_text), (4 bytes).
    Removing e4.o(i.WM8978_3D_Set), (18 bytes).
    Removing e4.o(i.WM8978_EQ1_Set), (50 bytes).
    Removing e4.o(i.WM8978_EQ2_Set), (40 bytes).
    Removing e4.o(i.WM8978_EQ3_Set), (40 bytes).
    Removing e4.o(i.WM8978_EQ4_Set), (40 bytes).
    Removing e4.o(i.WM8978_EQ5_Set), (40 bytes).
    Removing e4.o(i.WM8978_EQ_3D_Dir), (34 bytes).
    Removing e4.o(i.e4_playback_config), (36 bytes).
    Removing i2c.o(.rev16_text), (4 bytes).
    Removing i2c.o(.revsh_text), (4 bytes).
    Removing i2c.o(i.get_board_address), (88 bytes).
    Removing i2c.o(i.i2c0_config), (60 bytes).
    Removing i2c.o(i.i2c0_gpio_config), (96 bytes).
    Removing i2c.o(i.i2c1_config), (60 bytes).
    Removing i2c.o(i.i2c1_gpio_config), (88 bytes).
    Removing i2c.o(i.i2c_addr_poll), (190 bytes).
    Removing i2c.o(i.i2c_byte_write), (324 bytes).
    Removing i2c.o(i.i2c_cmd_write), (276 bytes).
    Removing i2c.o(i.i2c_delay_byte_write), (404 bytes).
    Removing i2c.o(i.i2c_delay_read), (668 bytes).
    Removing i2c.o(i.i2c_delay_write), (424 bytes).
    Removing i2c.o(i.i2c_direct_read), (440 bytes).
    Removing i2c.o(i.i2c_read), (596 bytes).
    Removing i2c.o(i.i2c_write), (352 bytes).
    Removing i2c.o(i.init_i2c), (20 bytes).
    Removing i2c.o(i.judge_i2c_over_time), (36 bytes).
    Removing i2c.o(.data), (2 bytes).
    Removing dneg.o(.text), (6 bytes).

935 unused section(s) (total 59562 bytes) removed from the image.

==============================================================================

Image Symbol Table

    Local Symbols

    Symbol Name                              Value     Ov Type        Size  Object(Section)

    ../clib/microlib/division.c              0x00000000   Number         0  uldiv.o ABSOLUTE
    ../clib/microlib/division.c              0x00000000   Number         0  uidiv.o ABSOLUTE
    ../clib/microlib/errno.c                 0x00000000   Number         0  errno.o ABSOLUTE
    ../clib/microlib/init/entry.s            0x00000000   Number         0  entry2.o ABSOLUTE
    ../clib/microlib/init/entry.s            0x00000000   Number         0  entry10b.o ABSOLUTE
    ../clib/microlib/init/entry.s            0x00000000   Number         0  entry10a.o ABSOLUTE
    ../clib/microlib/init/entry.s            0x00000000   Number         0  entry7b.o ABSOLUTE
    ../clib/microlib/init/entry.s            0x00000000   Number         0  entry7a.o ABSOLUTE
    ../clib/microlib/init/entry.s            0x00000000   Number         0  entry9b.o ABSOLUTE
    ../clib/microlib/init/entry.s            0x00000000   Number         0  entry5.o ABSOLUTE
    ../clib/microlib/init/entry.s            0x00000000   Number         0  entry9a.o ABSOLUTE
    ../clib/microlib/init/entry.s            0x00000000   Number         0  entry8b.o ABSOLUTE
    ../clib/microlib/init/entry.s            0x00000000   Number         0  entry8a.o ABSOLUTE
    ../clib/microlib/init/entry.s            0x00000000   Number         0  entry11a.o ABSOLUTE
    ../clib/microlib/init/entry.s            0x00000000   Number         0  entry.o ABSOLUTE
    ../clib/microlib/init/entry.s            0x00000000   Number         0  entry12b.o ABSOLUTE
    ../clib/microlib/init/entry.s            0x00000000   Number         0  entry11b.o ABSOLUTE
    ../clib/microlib/init/entry.s            0x00000000   Number         0  entry12a.o ABSOLUTE
    ../clib/microlib/longlong.c              0x00000000   Number         0  llushr.o ABSOLUTE
    ../clib/microlib/longlong.c              0x00000000   Number         0  llsshr.o ABSOLUTE
    ../clib/microlib/longlong.c              0x00000000   Number         0  llshl.o ABSOLUTE
    ../clib/microlib/printf/printf.c         0x00000000   Number         0  printf8.o ABSOLUTE
    ../clib/microlib/printf/printf.c         0x00000000   Number         0  printf1.o ABSOLUTE
    ../clib/microlib/printf/printf.c         0x00000000   Number         0  printf0.o ABSOLUTE
    ../clib/microlib/printf/printf.c         0x00000000   Number         0  printf6.o ABSOLUTE
    ../clib/microlib/printf/printf.c         0x00000000   Number         0  printf7.o ABSOLUTE
    ../clib/microlib/printf/printf.c         0x00000000   Number         0  printfb.o ABSOLUTE
    ../clib/microlib/printf/printf.c         0x00000000   Number         0  printf4.o ABSOLUTE
    ../clib/microlib/printf/printf.c         0x00000000   Number         0  printfa.o ABSOLUTE
    ../clib/microlib/printf/printf.c         0x00000000   Number         0  printf2.o ABSOLUTE
    ../clib/microlib/printf/printf.c         0x00000000   Number         0  printf3.o ABSOLUTE
    ../clib/microlib/printf/printf.c         0x00000000   Number         0  printf5.o ABSOLUTE
    ../clib/microlib/printf/stubs.s          0x00000000   Number         0  stubs.o ABSOLUTE
    ../clib/microlib/stdio/streams.c         0x00000000   Number         0  stdout.o ABSOLUTE
    ../clib/microlib/string/strlen.c         0x00000000   Number         0  strlen.o ABSOLUTE
    ../clib/microlib/string/strncpy.c        0x00000000   Number         0  strncpy.o ABSOLUTE
    ../clib/microlib/stubs.s                 0x00000000   Number         0  iusefp.o ABSOLUTE
    ../fplib/microlib/fpadd.c                0x00000000   Number         0  dadd.o ABSOLUTE
    ../fplib/microlib/fpdiv.c                0x00000000   Number         0  ddiv.o ABSOLUTE
    ../fplib/microlib/fpepilogue.c           0x00000000   Number         0  depilogue.o ABSOLUTE
    ../fplib/microlib/fpfix.c                0x00000000   Number         0  dfixul.o ABSOLUTE
    ../fplib/microlib/fpflt.c                0x00000000   Number         0  dfltui.o ABSOLUTE
    ../fplib/microlib/fpflt.c                0x00000000   Number         0  dflti.o ABSOLUTE
    ../fplib/microlib/fpmul.c                0x00000000   Number         0  dmul.o ABSOLUTE
    ../fplib/microlib/fpneg.c                0x00000000   Number         0  dneg.o ABSOLUTE
    ../fplib/microlib/fpsqrt.c               0x00000000   Number         0  dsqrt.o ABSOLUTE
    ../mathlib/dunder.c                      0x00000000   Number         0  dunder.o ABSOLUTE
    ../mathlib/log.c                         0x00000000   Number         0  log.o ABSOLUTE
    ../mathlib/log.c                         0x00000000   Number         0  log_x.o ABSOLUTE
    ../mathlib/log10.c                       0x00000000   Number         0  log10.o ABSOLUTE
    ../mathlib/log10.c                       0x00000000   Number         0  log10_x.o ABSOLUTE
    ../mathlib/poly.c                        0x00000000   Number         0  poly.o ABSOLUTE
    ../mathlib/qnan.c                        0x00000000   Number         0  qnan.o ABSOLUTE
    ../mathlib/sqrt.c                        0x00000000   Number         0  sqrt_x.o ABSOLUTE
    ../mathlib/sqrt.c                        0x00000000   Number         0  sqrt.o ABSOLUTE
    ..\Application\RGB.c                     0x00000000   Number         0  rgb.o ABSOLUTE
    ..\Application\led.c                     0x00000000   Number         0  led.o ABSOLUTE
    ..\Application\main.c                    0x00000000   Number         0  main.o ABSOLUTE
    ..\Application\platform_systick.c        0x00000000   Number         0  platform_systick.o ABSOLUTE
    ..\GD32F450Z_BSP\e4.c                    0x00000000   Number         0  e4.o ABSOLUTE
    ..\GD32F450Z_BSP\i2c.c                   0x00000000   Number         0  i2c.o ABSOLUTE
    ..\GD32F4xx_Firmware_Library\CMSIS\GD\GD32F4xx\Source\ARM\startup_gd32f450_470.s 0x00000000   Number         0  startup_gd32f450_470.o ABSOLUTE
    ..\GD32F4xx_Firmware_Library\CMSIS\GD\GD32F4xx\Source\system_gd32f4xx.c 0x00000000   Number         0  system_gd32f4xx.o ABSOLUTE
    ..\GD32F4xx_Firmware_Library\GD32F4xx_standard_peripheral\Source\gd32f4xx_adc.c 0x00000000   Number         0  gd32f4xx_adc.o ABSOLUTE
    ..\GD32F4xx_Firmware_Library\GD32F4xx_standard_peripheral\Source\gd32f4xx_can.c 0x00000000   Number         0  gd32f4xx_can.o ABSOLUTE
    ..\GD32F4xx_Firmware_Library\GD32F4xx_standard_peripheral\Source\gd32f4xx_crc.c 0x00000000   Number         0  gd32f4xx_crc.o ABSOLUTE
    ..\GD32F4xx_Firmware_Library\GD32F4xx_standard_peripheral\Source\gd32f4xx_ctc.c 0x00000000   Number         0  gd32f4xx_ctc.o ABSOLUTE
    ..\GD32F4xx_Firmware_Library\GD32F4xx_standard_peripheral\Source\gd32f4xx_dac.c 0x00000000   Number         0  gd32f4xx_dac.o ABSOLUTE
    ..\GD32F4xx_Firmware_Library\GD32F4xx_standard_peripheral\Source\gd32f4xx_dbg.c 0x00000000   Number         0  gd32f4xx_dbg.o ABSOLUTE
    ..\GD32F4xx_Firmware_Library\GD32F4xx_standard_peripheral\Source\gd32f4xx_dci.c 0x00000000   Number         0  gd32f4xx_dci.o ABSOLUTE
    ..\GD32F4xx_Firmware_Library\GD32F4xx_standard_peripheral\Source\gd32f4xx_dma.c 0x00000000   Number         0  gd32f4xx_dma.o ABSOLUTE
    ..\GD32F4xx_Firmware_Library\GD32F4xx_standard_peripheral\Source\gd32f4xx_enet.c 0x00000000   Number         0  gd32f4xx_enet.o ABSOLUTE
    ..\GD32F4xx_Firmware_Library\GD32F4xx_standard_peripheral\Source\gd32f4xx_exmc.c 0x00000000   Number         0  gd32f4xx_exmc.o ABSOLUTE
    ..\GD32F4xx_Firmware_Library\GD32F4xx_standard_peripheral\Source\gd32f4xx_exti.c 0x00000000   Number         0  gd32f4xx_exti.o ABSOLUTE
    ..\GD32F4xx_Firmware_Library\GD32F4xx_standard_peripheral\Source\gd32f4xx_fmc.c 0x00000000   Number         0  gd32f4xx_fmc.o ABSOLUTE
    ..\GD32F4xx_Firmware_Library\GD32F4xx_standard_peripheral\Source\gd32f4xx_fwdgt.c 0x00000000   Number         0  gd32f4xx_fwdgt.o ABSOLUTE
    ..\GD32F4xx_Firmware_Library\GD32F4xx_standard_peripheral\Source\gd32f4xx_gpio.c 0x00000000   Number         0  gd32f4xx_gpio.o ABSOLUTE
    ..\GD32F4xx_Firmware_Library\GD32F4xx_standard_peripheral\Source\gd32f4xx_i2c.c 0x00000000   Number         0  gd32f4xx_i2c.o ABSOLUTE
    ..\GD32F4xx_Firmware_Library\GD32F4xx_standard_peripheral\Source\gd32f4xx_ipa.c 0x00000000   Number         0  gd32f4xx_ipa.o ABSOLUTE
    ..\GD32F4xx_Firmware_Library\GD32F4xx_standard_peripheral\Source\gd32f4xx_iref.c 0x00000000   Number         0  gd32f4xx_iref.o ABSOLUTE
    ..\GD32F4xx_Firmware_Library\GD32F4xx_standard_peripheral\Source\gd32f4xx_misc.c 0x00000000   Number         0  gd32f4xx_misc.o ABSOLUTE
    ..\GD32F4xx_Firmware_Library\GD32F4xx_standard_peripheral\Source\gd32f4xx_pmu.c 0x00000000   Number         0  gd32f4xx_pmu.o ABSOLUTE
    ..\GD32F4xx_Firmware_Library\GD32F4xx_standard_peripheral\Source\gd32f4xx_rcu.c 0x00000000   Number         0  gd32f4xx_rcu.o ABSOLUTE
    ..\GD32F4xx_Firmware_Library\GD32F4xx_standard_peripheral\Source\gd32f4xx_rtc.c 0x00000000   Number         0  gd32f4xx_rtc.o ABSOLUTE
    ..\GD32F4xx_Firmware_Library\GD32F4xx_standard_peripheral\Source\gd32f4xx_sdio.c 0x00000000   Number         0  gd32f4xx_sdio.o ABSOLUTE
    ..\GD32F4xx_Firmware_Library\GD32F4xx_standard_peripheral\Source\gd32f4xx_spi.c 0x00000000   Number         0  gd32f4xx_spi.o ABSOLUTE
    ..\GD32F4xx_Firmware_Library\GD32F4xx_standard_peripheral\Source\gd32f4xx_syscfg.c 0x00000000   Number         0  gd32f4xx_syscfg.o ABSOLUTE
    ..\GD32F4xx_Firmware_Library\GD32F4xx_standard_peripheral\Source\gd32f4xx_timer.c 0x00000000   Number         0  gd32f4xx_timer.o ABSOLUTE
    ..\GD32F4xx_Firmware_Library\GD32F4xx_standard_peripheral\Source\gd32f4xx_tli.c 0x00000000   Number         0  gd32f4xx_tli.o ABSOLUTE
    ..\GD32F4xx_Firmware_Library\GD32F4xx_standard_peripheral\Source\gd32f4xx_trng.c 0x00000000   Number         0  gd32f4xx_trng.o ABSOLUTE
    ..\GD32F4xx_Firmware_Library\GD32F4xx_standard_peripheral\Source\gd32f4xx_usart.c 0x00000000   Number         0  gd32f4xx_usart.o ABSOLUTE
    ..\GD32F4xx_Firmware_Library\GD32F4xx_standard_peripheral\Source\gd32f4xx_wwdgt.c 0x00000000   Number         0  gd32f4xx_wwdgt.o ABSOLUTE
    ..\\Application\\RGB.c                   0x00000000   Number         0  rgb.o ABSOLUTE
    ..\\Application\\led.c                   0x00000000   Number         0  led.o ABSOLUTE
    ..\\Application\\main.c                  0x00000000   Number         0  main.o ABSOLUTE
    ..\\Application\\platform_systick.c      0x00000000   Number         0  platform_systick.o ABSOLUTE
    ..\\GD32F450Z_BSP\\e4.c                  0x00000000   Number         0  e4.o ABSOLUTE
    ..\\GD32F450Z_BSP\\i2c.c                 0x00000000   Number         0  i2c.o ABSOLUTE
    ..\\GD32F4xx_Firmware_Library\\CMSIS\\GD\\GD32F4xx\\Source\\system_gd32f4xx.c 0x00000000   Number         0  system_gd32f4xx.o ABSOLUTE
    ..\\GD32F4xx_Firmware_Library\\GD32F4xx_standard_peripheral\\Source\\gd32f4xx_adc.c 0x00000000   Number         0  gd32f4xx_adc.o ABSOLUTE
    ..\\GD32F4xx_Firmware_Library\\GD32F4xx_standard_peripheral\\Source\\gd32f4xx_can.c 0x00000000   Number         0  gd32f4xx_can.o ABSOLUTE
    ..\\GD32F4xx_Firmware_Library\\GD32F4xx_standard_peripheral\\Source\\gd32f4xx_crc.c 0x00000000   Number         0  gd32f4xx_crc.o ABSOLUTE
    ..\\GD32F4xx_Firmware_Library\\GD32F4xx_standard_peripheral\\Source\\gd32f4xx_ctc.c 0x00000000   Number         0  gd32f4xx_ctc.o ABSOLUTE
    ..\\GD32F4xx_Firmware_Library\\GD32F4xx_standard_peripheral\\Source\\gd32f4xx_dac.c 0x00000000   Number         0  gd32f4xx_dac.o ABSOLUTE
    ..\\GD32F4xx_Firmware_Library\\GD32F4xx_standard_peripheral\\Source\\gd32f4xx_dbg.c 0x00000000   Number         0  gd32f4xx_dbg.o ABSOLUTE
    ..\\GD32F4xx_Firmware_Library\\GD32F4xx_standard_peripheral\\Source\\gd32f4xx_dci.c 0x00000000   Number         0  gd32f4xx_dci.o ABSOLUTE
    ..\\GD32F4xx_Firmware_Library\\GD32F4xx_standard_peripheral\\Source\\gd32f4xx_dma.c 0x00000000   Number         0  gd32f4xx_dma.o ABSOLUTE
    ..\\GD32F4xx_Firmware_Library\\GD32F4xx_standard_peripheral\\Source\\gd32f4xx_enet.c 0x00000000   Number         0  gd32f4xx_enet.o ABSOLUTE
    ..\\GD32F4xx_Firmware_Library\\GD32F4xx_standard_peripheral\\Source\\gd32f4xx_exmc.c 0x00000000   Number         0  gd32f4xx_exmc.o ABSOLUTE
    ..\\GD32F4xx_Firmware_Library\\GD32F4xx_standard_peripheral\\Source\\gd32f4xx_exti.c 0x00000000   Number         0  gd32f4xx_exti.o ABSOLUTE
    ..\\GD32F4xx_Firmware_Library\\GD32F4xx_standard_peripheral\\Source\\gd32f4xx_fmc.c 0x00000000   Number         0  gd32f4xx_fmc.o ABSOLUTE
    ..\\GD32F4xx_Firmware_Library\\GD32F4xx_standard_peripheral\\Source\\gd32f4xx_fwdgt.c 0x00000000   Number         0  gd32f4xx_fwdgt.o ABSOLUTE
    ..\\GD32F4xx_Firmware_Library\\GD32F4xx_standard_peripheral\\Source\\gd32f4xx_gpio.c 0x00000000   Number         0  gd32f4xx_gpio.o ABSOLUTE
    ..\\GD32F4xx_Firmware_Library\\GD32F4xx_standard_peripheral\\Source\\gd32f4xx_i2c.c 0x00000000   Number         0  gd32f4xx_i2c.o ABSOLUTE
    ..\\GD32F4xx_Firmware_Library\\GD32F4xx_standard_peripheral\\Source\\gd32f4xx_ipa.c 0x00000000   Number         0  gd32f4xx_ipa.o ABSOLUTE
    ..\\GD32F4xx_Firmware_Library\\GD32F4xx_standard_peripheral\\Source\\gd32f4xx_iref.c 0x00000000   Number         0  gd32f4xx_iref.o ABSOLUTE
    ..\\GD32F4xx_Firmware_Library\\GD32F4xx_standard_peripheral\\Source\\gd32f4xx_misc.c 0x00000000   Number         0  gd32f4xx_misc.o ABSOLUTE
    ..\\GD32F4xx_Firmware_Library\\GD32F4xx_standard_peripheral\\Source\\gd32f4xx_pmu.c 0x00000000   Number         0  gd32f4xx_pmu.o ABSOLUTE
    ..\\GD32F4xx_Firmware_Library\\GD32F4xx_standard_peripheral\\Source\\gd32f4xx_rcu.c 0x00000000   Number         0  gd32f4xx_rcu.o ABSOLUTE
    ..\\GD32F4xx_Firmware_Library\\GD32F4xx_standard_peripheral\\Source\\gd32f4xx_rtc.c 0x00000000   Number         0  gd32f4xx_rtc.o ABSOLUTE
    ..\\GD32F4xx_Firmware_Library\\GD32F4xx_standard_peripheral\\Source\\gd32f4xx_sdio.c 0x00000000   Number         0  gd32f4xx_sdio.o ABSOLUTE
    ..\\GD32F4xx_Firmware_Library\\GD32F4xx_standard_peripheral\\Source\\gd32f4xx_spi.c 0x00000000   Number         0  gd32f4xx_spi.o ABSOLUTE
    ..\\GD32F4xx_Firmware_Library\\GD32F4xx_standard_peripheral\\Source\\gd32f4xx_syscfg.c 0x00000000   Number         0  gd32f4xx_syscfg.o ABSOLUTE
    ..\\GD32F4xx_Firmware_Library\\GD32F4xx_standard_peripheral\\Source\\gd32f4xx_timer.c 0x00000000   Number         0  gd32f4xx_timer.o ABSOLUTE
    ..\\GD32F4xx_Firmware_Library\\GD32F4xx_standard_peripheral\\Source\\gd32f4xx_tli.c 0x00000000   Number         0  gd32f4xx_tli.o ABSOLUTE
    ..\\GD32F4xx_Firmware_Library\\GD32F4xx_standard_peripheral\\Source\\gd32f4xx_trng.c 0x00000000   Number         0  gd32f4xx_trng.o ABSOLUTE
    ..\\GD32F4xx_Firmware_Library\\GD32F4xx_standard_peripheral\\Source\\gd32f4xx_usart.c 0x00000000   Number         0  gd32f4xx_usart.o ABSOLUTE
    ..\\GD32F4xx_Firmware_Library\\GD32F4xx_standard_peripheral\\Source\\gd32f4xx_wwdgt.c 0x00000000   Number         0  gd32f4xx_wwdgt.o ABSOLUTE
    cdcmple.s                                0x00000000   Number         0  cdcmple.o ABSOLUTE
    cdrcmple.s                               0x00000000   Number         0  cdrcmple.o ABSOLUTE
    dc.s                                     0x00000000   Number         0  dc.o ABSOLUTE
    handlers.s                               0x00000000   Number         0  handlers.o ABSOLUTE
    init.s                                   0x00000000   Number         0  init.o ABSOLUTE
    RESET                                    0x08000000   Section      428  startup_gd32f450_470.o(RESET)
    .ARM.Collect$$$$00000000                 0x080001ac   Section        0  entry.o(.ARM.Collect$$$$00000000)
    .ARM.Collect$$$$00000001                 0x080001ac   Section        4  entry2.o(.ARM.Collect$$$$00000001)
    .ARM.Collect$$$$00000004                 0x080001b0   Section        4  entry5.o(.ARM.Collect$$$$00000004)
    .ARM.Collect$$$$00000008                 0x080001b4   Section        0  entry7b.o(.ARM.Collect$$$$00000008)
    .ARM.Collect$$$$0000000A                 0x080001b4   Section        0  entry8b.o(.ARM.Collect$$$$0000000A)
    .ARM.Collect$$$$0000000B                 0x080001b4   Section        8  entry9a.o(.ARM.Collect$$$$0000000B)
    .ARM.Collect$$$$0000000E                 0x080001bc   Section        4  entry12b.o(.ARM.Collect$$$$0000000E)
    .ARM.Collect$$$$0000000F                 0x080001c0   Section        0  entry10a.o(.ARM.Collect$$$$0000000F)
    .ARM.Collect$$$$00000011                 0x080001c0   Section        0  entry11a.o(.ARM.Collect$$$$00000011)
    .ARM.Collect$$$$00002712                 0x080001c0   Section        4  entry2.o(.ARM.Collect$$$$00002712)
    __lit__00000000                          0x080001c0   Data           4  entry2.o(.ARM.Collect$$$$00002712)
    .text                                    0x080001c4   Section       36  startup_gd32f450_470.o(.text)
    $v0                                      0x080001c4   Number         0  startup_gd32f450_470.o(.text)
    .text                                    0x080001e8   Section        0  dadd.o(.text)
    .text                                    0x08000336   Section        0  dmul.o(.text)
    .text                                    0x0800041a   Section        0  ddiv.o(.text)
    .text                                    0x080004f8   Section        0  dfltui.o(.text)
    .text                                    0x08000514   Section       48  cdcmple.o(.text)
    .text                                    0x08000544   Section       48  cdrcmple.o(.text)
    .text                                    0x08000574   Section        0  uidiv.o(.text)
    .text                                    0x080005a0   Section        0  uldiv.o(.text)
    .text                                    0x08000602   Section        0  llshl.o(.text)
    .text                                    0x08000620   Section        0  llsshr.o(.text)
    .text                                    0x08000644   Section        0  iusefp.o(.text)
    .text                                    0x08000644   Section        0  depilogue.o(.text)
    .text                                    0x080006fe   Section        0  dsqrt.o(.text)
    .text                                    0x080007a0   Section        0  dflti.o(.text)
    .text                                    0x080007c2   Section        0  dfixul.o(.text)
    .text                                    0x080007f4   Section       36  init.o(.text)
    .text                                    0x08000818   Section        0  llushr.o(.text)
    i.SPI2_IRQHandler                        0x08000838   Section        0  main.o(i.SPI2_IRQHandler)
    i.SysTick_Handler                        0x080008ec   Section        0  platform_systick.o(i.SysTick_Handler)
    i.SystemInit                             0x080008f4   Section        0  system_gd32f4xx.o(i.SystemInit)
    i.TIMER3_IRQHandler                      0x080009c8   Section        0  main.o(i.TIMER3_IRQHandler)
    i.WM8978_ADDA_Cfg                        0x08000a14   Section        0  e4.o(i.WM8978_ADDA_Cfg)
    i.WM8978_AUX_Gain                        0x08000a54   Section        0  e4.o(i.WM8978_AUX_Gain)
    i.WM8978_HPvol_Set                       0x08000a8a   Section        0  e4.o(i.WM8978_HPvol_Set)
    i.WM8978_I2S_Cfg                         0x08000ab8   Section        0  e4.o(i.WM8978_I2S_Cfg)
    i.WM8978_Init                            0x08000ad4   Section        0  e4.o(i.WM8978_Init)
    i.WM8978_Input_Cfg                       0x08000b3e   Section        0  e4.o(i.WM8978_Input_Cfg)
    i.WM8978_LINEIN_Gain                     0x08000ba4   Section        0  e4.o(i.WM8978_LINEIN_Gain)
    i.WM8978_MIC_Gain                        0x08000bda   Section        0  e4.o(i.WM8978_MIC_Gain)
    i.WM8978_Output_Cfg                      0x08000bf6   Section        0  e4.o(i.WM8978_Output_Cfg)
    i.WM8978_Read_Reg                        0x08000c20   Section        0  e4.o(i.WM8978_Read_Reg)
    i.WM8978_SPKvol_Set                      0x08000c30   Section        0  e4.o(i.WM8978_SPKvol_Set)
    i.WM8978_Write_Reg                       0x08000c54   Section        0  e4.o(i.WM8978_Write_Reg)
    i.__0printf                              0x08000d64   Section        0  printfa.o(i.__0printf)
    i.__hardfp_log                           0x08000d88   Section        0  log.o(i.__hardfp_log)
    i.__hardfp_log10                         0x08001150   Section        0  log10.o(i.__hardfp_log10)
    i.__hardfp_sqrt                          0x08001280   Section        0  sqrt.o(i.__hardfp_sqrt)
    i.__kernel_poly                          0x080012fa   Section        0  poly.o(i.__kernel_poly)
    i.__mathlib_dbl_divzero                  0x080013f8   Section        0  dunder.o(i.__mathlib_dbl_divzero)
    i.__mathlib_dbl_infnan                   0x08001428   Section        0  dunder.o(i.__mathlib_dbl_infnan)
    i.__mathlib_dbl_invalid                  0x08001440   Section        0  dunder.o(i.__mathlib_dbl_invalid)
    i.__scatterload_copy                     0x08001460   Section       14  handlers.o(i.__scatterload_copy)
    i.__scatterload_null                     0x0800146e   Section        2  handlers.o(i.__scatterload_null)
    i.__scatterload_zeroinit                 0x08001470   Section       14  handlers.o(i.__scatterload_zeroinit)
    i.__set_errno                            0x08001480   Section        0  errno.o(i.__set_errno)
    i._fp_digits                             0x0800148c   Section        0  printfa.o(i._fp_digits)
    _fp_digits                               0x0800148d   Thumb Code   366  printfa.o(i._fp_digits)
    i._printf_core                           0x08001610   Section        0  printfa.o(i._printf_core)
    _printf_core                             0x08001611   Thumb Code  1704  printfa.o(i._printf_core)
    i._printf_post_padding                   0x08001cc4   Section        0  printfa.o(i._printf_post_padding)
    _printf_post_padding                     0x08001cc5   Thumb Code    36  printfa.o(i._printf_post_padding)
    i._printf_pre_padding                    0x08001ce8   Section        0  printfa.o(i._printf_pre_padding)
    _printf_pre_padding                      0x08001ce9   Thumb Code    46  printfa.o(i._printf_pre_padding)
    i.calculateDB                            0x08001d18   Section        0  main.o(i.calculateDB)
    i.delay_ms_1                             0x08001e2c   Section        0  platform_systick.o(i.delay_ms_1)
    i.delay_us                               0x08001e78   Section        0  platform_systick.o(i.delay_us)
    i.dis_led_init                           0x08001ec4   Section        0  main.o(i.dis_led_init)
    i.e4_init                                0x08001ef4   Section        0  e4.o(i.e4_init)
    i.e4_sound_recording_config              0x08001f12   Section        0  e4.o(i.e4_sound_recording_config)
    i.fputc                                  0x08001f42   Section        0  main.o(i.fputc)
    i.get_systick_ms                         0x08001f54   Section        0  platform_systick.o(i.get_systick_ms)
    i.get_systick_us                         0x08001f98   Section        0  platform_systick.o(i.get_systick_us)
    i.gpio_af_set                            0x08001fdc   Section        0  gd32f4xx_gpio.o(i.gpio_af_set)
    i.gpio_bit_reset                         0x0800203a   Section        0  gd32f4xx_gpio.o(i.gpio_bit_reset)
    i.gpio_mode_set                          0x0800203e   Section        0  gd32f4xx_gpio.o(i.gpio_mode_set)
    i.gpio_output_options_set                0x0800208c   Section        0  gd32f4xx_gpio.o(i.gpio_output_options_set)
    i.i2c2_config                            0x080020d0   Section        0  i2c.o(i.i2c2_config)
    i.i2c2_gpio_config                       0x0800210c   Section        0  i2c.o(i.i2c2_gpio_config)
    i.i2c_ack_config                         0x08002178   Section        0  gd32f4xx_i2c.o(i.i2c_ack_config)
    i.i2c_clock_config                       0x08002188   Section        0  gd32f4xx_i2c.o(i.i2c_clock_config)
    i.i2c_data_transmit                      0x0800226c   Section        0  gd32f4xx_i2c.o(i.i2c_data_transmit)
    i.i2c_delay                              0x08002272   Section        0  i2c.o(i.i2c_delay)
    i.i2c_enable                             0x0800227e   Section        0  gd32f4xx_i2c.o(i.i2c_enable)
    i.i2c_flag_clear                         0x08002288   Section        0  gd32f4xx_i2c.o(i.i2c_flag_clear)
    i.i2c_flag_get                           0x080022b0   Section        0  gd32f4xx_i2c.o(i.i2c_flag_get)
    i.i2c_master_addressing                  0x080022ce   Section        0  gd32f4xx_i2c.o(i.i2c_master_addressing)
    i.i2c_mode_addr_config                   0x080022e2   Section        0  gd32f4xx_i2c.o(i.i2c_mode_addr_config)
    i.i2c_start_on_bus                       0x080022fe   Section        0  gd32f4xx_i2c.o(i.i2c_start_on_bus)
    i.i2c_stop_on_bus                        0x08002308   Section        0  gd32f4xx_i2c.o(i.i2c_stop_on_bus)
    i.i2s_config                             0x08002314   Section        0  e4.o(i.i2s_config)
    i.i2s_enable                             0x08002430   Section        0  gd32f4xx_spi.o(i.i2s_enable)
    i.i2s_full_duplex_mode_config            0x0800243a   Section        0  gd32f4xx_spi.o(i.i2s_full_duplex_mode_config)
    i.i2s_init                               0x0800246a   Section        0  gd32f4xx_spi.o(i.i2s_init)
    i.i2s_psc_config                         0x08002488   Section        0  gd32f4xx_spi.o(i.i2s_psc_config)
    i.led_init                               0x080025ac   Section        0  led.o(i.led_init)
    i.log                                    0x08002614   Section        0  log.o(i.log)
    i.main                                   0x08002624   Section        0  main.o(i.main)
    i.nvic_irq_enable                        0x080026f0   Section        0  gd32f4xx_misc.o(i.nvic_irq_enable)
    i.nvic_priority_group_set                0x080027b4   Section        0  gd32f4xx_misc.o(i.nvic_priority_group_set)
    i.print_buf_putchar                      0x080027c8   Section        0  main.o(i.print_buf_putchar)
    i.print_dB                               0x080027fc   Section        0  main.o(i.print_dB)
    i.rcu_clock_freq_get                     0x08002910   Section        0  gd32f4xx_rcu.o(i.rcu_clock_freq_get)
    i.rcu_flag_get                           0x08002a34   Section        0  gd32f4xx_rcu.o(i.rcu_flag_get)
    i.rcu_i2s_clock_config                   0x08002a58   Section        0  gd32f4xx_rcu.o(i.rcu_i2s_clock_config)
    i.rcu_osci_on                            0x08002a70   Section        0  gd32f4xx_rcu.o(i.rcu_osci_on)
    i.rcu_osci_stab_wait                     0x08002a94   Section        0  gd32f4xx_rcu.o(i.rcu_osci_stab_wait)
    i.rcu_periph_clock_enable                0x08002bf0   Section        0  gd32f4xx_rcu.o(i.rcu_periph_clock_enable)
    i.rcu_periph_reset_disable               0x08002c14   Section        0  gd32f4xx_rcu.o(i.rcu_periph_reset_disable)
    i.rcu_periph_reset_enable                0x08002c38   Section        0  gd32f4xx_rcu.o(i.rcu_periph_reset_enable)
    i.reset                                  0x08002c5c   Section        0  rgb.o(i.reset)
    i.send_led                               0x08002c74   Section        0  rgb.o(i.send_led)
    i.send_led_1                             0x08002c90   Section        0  rgb.o(i.send_led_1)
    i.send_rgb                               0x08002cc0   Section        0  rgb.o(i.send_rgb)
    i.send_rgb_1                             0x08002cd8   Section        0  rgb.o(i.send_rgb_1)
    i.spark                                  0x08002d38   Section        0  main.o(i.spark)
    i.spi_i2s_data_receive                   0x08002da8   Section        0  gd32f4xx_spi.o(i.spi_i2s_data_receive)
    i.spi_i2s_data_transmit                  0x08002db0   Section        0  gd32f4xx_spi.o(i.spi_i2s_data_transmit)
    i.spi_i2s_deinit                         0x08002db4   Section        0  gd32f4xx_spi.o(i.spi_i2s_deinit)
    i.spi_i2s_interrupt_disable              0x08002e60   Section        0  gd32f4xx_spi.o(i.spi_i2s_interrupt_disable)
    i.spi_i2s_interrupt_enable               0x08002e90   Section        0  gd32f4xx_spi.o(i.spi_i2s_interrupt_enable)
    i.spi_i2s_interrupt_flag_get             0x08002ec0   Section        0  gd32f4xx_spi.o(i.spi_i2s_interrupt_flag_get)
    i.system_clock_240m_irc16m               0x08002f30   Section        0  system_gd32f4xx.o(i.system_clock_240m_irc16m)
    system_clock_240m_irc16m                 0x08002f31   Thumb Code   238  system_gd32f4xx.o(i.system_clock_240m_irc16m)
    i.system_clock_config                    0x0800302c   Section        0  system_gd32f4xx.o(i.system_clock_config)
    system_clock_config                      0x0800302d   Thumb Code     8  system_gd32f4xx.o(i.system_clock_config)
    i.systick_handler                        0x08003034   Section        0  platform_systick.o(i.systick_handler)
    i.systick_init                           0x08003070   Section        0  platform_systick.o(i.systick_init)
    systick_init                             0x08003071   Thumb Code    26  platform_systick.o(i.systick_init)
    i.timer_interrupt_flag_clear             0x08003094   Section        0  gd32f4xx_timer.o(i.timer_interrupt_flag_clear)
    i.timer_interrupt_flag_get               0x0800309a   Section        0  gd32f4xx_timer.o(i.timer_interrupt_flag_get)
    i.ugly_408ns_delay                       0x080030b2   Section        0  rgb.o(i.ugly_408ns_delay)
    i.ugly_875ns_delay                       0x080030be   Section        0  rgb.o(i.ugly_875ns_delay)
    .constdata                               0x080030d0   Section       56  log.o(.constdata)
    Lg2                                      0x080030d0   Data          24  log.o(.constdata)
    Lg                                       0x080030e8   Data          32  log.o(.constdata)
    .constdata                               0x08003108   Section        8  qnan.o(.constdata)
    .data                                    0x20000000   Section       16  main.o(.data)
    .data                                    0x20000010   Section       13  platform_systick.o(.data)
    systick_ns                               0x20000010   Data           4  platform_systick.o(.data)
    systick_ms                               0x20000014   Data           4  platform_systick.o(.data)
    systick_us                               0x20000018   Data           4  platform_systick.o(.data)
    is_init                                  0x2000001c   Data           1  platform_systick.o(.data)
    .data                                    0x2000001e   Section      116  e4.o(.data)
    WM8978_REGVAL_TBL                        0x2000001e   Data         116  e4.o(.data)
    .data                                    0x20000094   Section        4  stdout.o(.data)
    .data                                    0x20000098   Section        4  errno.o(.data)
    _errno                                   0x20000098   Data           4  errno.o(.data)
    .bss                                     0x2000009c   Section    43424  main.o(.bss)
    STACK                                    0x2000aa40   Section     1024  startup_gd32f450_470.o(STACK)

    Global Symbols

    Symbol Name                              Value     Ov Type        Size  Object(Section)

    BuildAttributes$$THM_ISAv4$E$P$D$K$B$S$7EM$VFPi3$EXTD16$VFPS$VFMA$PE$A:L22UL41UL21$X:L11$S22US41US21$IEEE1$IW$USESV6$~STKCKD$USESV7$~SHL$OTIME$ROPI$IEEEX$EBA8$MICROLIB$REQ8$PRES8$EABIv2 0x00000000   Number         0  anon$$obj.o ABSOLUTE
    __ARM_use_no_argv                        0x00000000   Number         0  main.o ABSOLUTE
    _printf_a                                0x00000000   Number         0  stubs.o ABSOLUTE
    _printf_c                                0x00000000   Number         0  stubs.o ABSOLUTE
    _printf_charcount                        0x00000000   Number         0  stubs.o ABSOLUTE
    _printf_d                                0x00000000   Number         0  stubs.o ABSOLUTE
    _printf_e                                0x00000000   Number         0  stubs.o ABSOLUTE
    _printf_f                                0x00000000   Number         0  stubs.o ABSOLUTE
    _printf_flags                            0x00000000   Number         0  stubs.o ABSOLUTE
    _printf_fp_dec                           0x00000000   Number         0  stubs.o ABSOLUTE
    _printf_fp_hex                           0x00000000   Number         0  stubs.o ABSOLUTE
    _printf_g                                0x00000000   Number         0  stubs.o ABSOLUTE
    _printf_i                                0x00000000   Number         0  stubs.o ABSOLUTE
    _printf_int_dec                          0x00000000   Number         0  stubs.o ABSOLUTE
    _printf_l                                0x00000000   Number         0  stubs.o ABSOLUTE
    _printf_lc                               0x00000000   Number         0  stubs.o ABSOLUTE
    _printf_ll                               0x00000000   Number         0  stubs.o ABSOLUTE
    _printf_lld                              0x00000000   Number         0  stubs.o ABSOLUTE
    _printf_lli                              0x00000000   Number         0  stubs.o ABSOLUTE
    _printf_llo                              0x00000000   Number         0  stubs.o ABSOLUTE
    _printf_llu                              0x00000000   Number         0  stubs.o ABSOLUTE
    _printf_llx                              0x00000000   Number         0  stubs.o ABSOLUTE
    _printf_longlong_dec                     0x00000000   Number         0  stubs.o ABSOLUTE
    _printf_longlong_hex                     0x00000000   Number         0  stubs.o ABSOLUTE
    _printf_longlong_oct                     0x00000000   Number         0  stubs.o ABSOLUTE
    _printf_ls                               0x00000000   Number         0  stubs.o ABSOLUTE
    _printf_mbtowc                           0x00000000   Number         0  stubs.o ABSOLUTE
    _printf_n                                0x00000000   Number         0  stubs.o ABSOLUTE
    _printf_o                                0x00000000   Number         0  stubs.o ABSOLUTE
    _printf_p                                0x00000000   Number         0  stubs.o ABSOLUTE
    _printf_percent                          0x00000000   Number         0  stubs.o ABSOLUTE
    _printf_pre_padding                      0x00000000   Number         0  stubs.o ABSOLUTE
    _printf_return_value                     0x00000000   Number         0  stubs.o ABSOLUTE
    _printf_s                                0x00000000   Number         0  stubs.o ABSOLUTE
    _printf_sizespec                         0x00000000   Number         0  stubs.o ABSOLUTE
    _printf_str                              0x00000000   Number         0  stubs.o ABSOLUTE
    _printf_truncate_signed                  0x00000000   Number         0  stubs.o ABSOLUTE
    _printf_truncate_unsigned                0x00000000   Number         0  stubs.o ABSOLUTE
    _printf_u                                0x00000000   Number         0  stubs.o ABSOLUTE
    _printf_wc                               0x00000000   Number         0  stubs.o ABSOLUTE
    _printf_wctomb                           0x00000000   Number         0  stubs.o ABSOLUTE
    _printf_widthprec                        0x00000000   Number         0  stubs.o ABSOLUTE
    _printf_x                                0x00000000   Number         0  stubs.o ABSOLUTE
    __arm_fini_                               - Undefined Weak Reference
    __cpp_initialize__aeabi_                  - Undefined Weak Reference
    __cxa_finalize                            - Undefined Weak Reference
    __decompress                              - Undefined Weak Reference
    _clock_init                               - Undefined Weak Reference
    _microlib_exit                            - Undefined Weak Reference
    __Vectors_Size                           0x000001ac   Number         0  startup_gd32f450_470.o ABSOLUTE
    __Vectors                                0x08000000   Data           4  startup_gd32f450_470.o(RESET)
    __Vectors_End                            0x080001ac   Data           0  startup_gd32f450_470.o(RESET)
    __main                                   0x080001ad   Thumb Code     0  entry.o(.ARM.Collect$$$$00000000)
    _main_stk                                0x080001ad   Thumb Code     0  entry2.o(.ARM.Collect$$$$00000001)
    _main_scatterload                        0x080001b1   Thumb Code     0  entry5.o(.ARM.Collect$$$$00000004)
    __main_after_scatterload                 0x080001b5   Thumb Code     0  entry5.o(.ARM.Collect$$$$00000004)
    _main_clock                              0x080001b5   Thumb Code     0  entry7b.o(.ARM.Collect$$$$00000008)
    _main_cpp_init                           0x080001b5   Thumb Code     0  entry8b.o(.ARM.Collect$$$$0000000A)
    _main_init                               0x080001b5   Thumb Code     0  entry9a.o(.ARM.Collect$$$$0000000B)
    __rt_lib_shutdown_fini                   0x080001bd   Thumb Code     0  entry12b.o(.ARM.Collect$$$$0000000E)
    __rt_final_cpp                           0x080001c1   Thumb Code     0  entry10a.o(.ARM.Collect$$$$0000000F)
    __rt_final_exit                          0x080001c1   Thumb Code     0  entry11a.o(.ARM.Collect$$$$00000011)
    Reset_Handler                            0x080001c5   Thumb Code     8  startup_gd32f450_470.o(.text)
    NMI_Handler                              0x080001cd   Thumb Code     2  startup_gd32f450_470.o(.text)
    HardFault_Handler                        0x080001cf   Thumb Code     2  startup_gd32f450_470.o(.text)
    MemManage_Handler                        0x080001d1   Thumb Code     2  startup_gd32f450_470.o(.text)
    BusFault_Handler                         0x080001d3   Thumb Code     2  startup_gd32f450_470.o(.text)
    UsageFault_Handler                       0x080001d5   Thumb Code     2  startup_gd32f450_470.o(.text)
    SVC_Handler                              0x080001d7   Thumb Code     2  startup_gd32f450_470.o(.text)
    DebugMon_Handler                         0x080001d9   Thumb Code     2  startup_gd32f450_470.o(.text)
    PendSV_Handler                           0x080001db   Thumb Code     2  startup_gd32f450_470.o(.text)
    ADC_IRQHandler                           0x080001df   Thumb Code     0  startup_gd32f450_470.o(.text)
    CAN0_EWMC_IRQHandler                     0x080001df   Thumb Code     0  startup_gd32f450_470.o(.text)
    CAN0_RX0_IRQHandler                      0x080001df   Thumb Code     0  startup_gd32f450_470.o(.text)
    CAN0_RX1_IRQHandler                      0x080001df   Thumb Code     0  startup_gd32f450_470.o(.text)
    CAN0_TX_IRQHandler                       0x080001df   Thumb Code     0  startup_gd32f450_470.o(.text)
    CAN1_EWMC_IRQHandler                     0x080001df   Thumb Code     0  startup_gd32f450_470.o(.text)
    CAN1_RX0_IRQHandler                      0x080001df   Thumb Code     0  startup_gd32f450_470.o(.text)
    CAN1_RX1_IRQHandler                      0x080001df   Thumb Code     0  startup_gd32f450_470.o(.text)
    CAN1_TX_IRQHandler                       0x080001df   Thumb Code     0  startup_gd32f450_470.o(.text)
    DCI_IRQHandler                           0x080001df   Thumb Code     0  startup_gd32f450_470.o(.text)
    DMA0_Channel0_IRQHandler                 0x080001df   Thumb Code     0  startup_gd32f450_470.o(.text)
    DMA0_Channel1_IRQHandler                 0x080001df   Thumb Code     0  startup_gd32f450_470.o(.text)
    DMA0_Channel2_IRQHandler                 0x080001df   Thumb Code     0  startup_gd32f450_470.o(.text)
    DMA0_Channel3_IRQHandler                 0x080001df   Thumb Code     0  startup_gd32f450_470.o(.text)
    DMA0_Channel4_IRQHandler                 0x080001df   Thumb Code     0  startup_gd32f450_470.o(.text)
    DMA0_Channel5_IRQHandler                 0x080001df   Thumb Code     0  startup_gd32f450_470.o(.text)
    DMA0_Channel6_IRQHandler                 0x080001df   Thumb Code     0  startup_gd32f450_470.o(.text)
    DMA0_Channel7_IRQHandler                 0x080001df   Thumb Code     0  startup_gd32f450_470.o(.text)
    DMA1_Channel0_IRQHandler                 0x080001df   Thumb Code     0  startup_gd32f450_470.o(.text)
    DMA1_Channel1_IRQHandler                 0x080001df   Thumb Code     0  startup_gd32f450_470.o(.text)
    DMA1_Channel2_IRQHandler                 0x080001df   Thumb Code     0  startup_gd32f450_470.o(.text)
    DMA1_Channel3_IRQHandler                 0x080001df   Thumb Code     0  startup_gd32f450_470.o(.text)
    DMA1_Channel4_IRQHandler                 0x080001df   Thumb Code     0  startup_gd32f450_470.o(.text)
    DMA1_Channel5_IRQHandler                 0x080001df   Thumb Code     0  startup_gd32f450_470.o(.text)
    DMA1_Channel6_IRQHandler                 0x080001df   Thumb Code     0  startup_gd32f450_470.o(.text)
    DMA1_Channel7_IRQHandler                 0x080001df   Thumb Code     0  startup_gd32f450_470.o(.text)
    ENET_IRQHandler                          0x080001df   Thumb Code     0  startup_gd32f450_470.o(.text)
    ENET_WKUP_IRQHandler                     0x080001df   Thumb Code     0  startup_gd32f450_470.o(.text)
    EXMC_IRQHandler                          0x080001df   Thumb Code     0  startup_gd32f450_470.o(.text)
    EXTI0_IRQHandler                         0x080001df   Thumb Code     0  startup_gd32f450_470.o(.text)
    EXTI10_15_IRQHandler                     0x080001df   Thumb Code     0  startup_gd32f450_470.o(.text)
    EXTI1_IRQHandler                         0x080001df   Thumb Code     0  startup_gd32f450_470.o(.text)
    EXTI2_IRQHandler                         0x080001df   Thumb Code     0  startup_gd32f450_470.o(.text)
    EXTI3_IRQHandler                         0x080001df   Thumb Code     0  startup_gd32f450_470.o(.text)
    EXTI4_IRQHandler                         0x080001df   Thumb Code     0  startup_gd32f450_470.o(.text)
    EXTI5_9_IRQHandler                       0x080001df   Thumb Code     0  startup_gd32f450_470.o(.text)
    FMC_IRQHandler                           0x080001df   Thumb Code     0  startup_gd32f450_470.o(.text)
    FPU_IRQHandler                           0x080001df   Thumb Code     0  startup_gd32f450_470.o(.text)
    I2C0_ER_IRQHandler                       0x080001df   Thumb Code     0  startup_gd32f450_470.o(.text)
    I2C0_EV_IRQHandler                       0x080001df   Thumb Code     0  startup_gd32f450_470.o(.text)
    I2C1_ER_IRQHandler                       0x080001df   Thumb Code     0  startup_gd32f450_470.o(.text)
    I2C1_EV_IRQHandler                       0x080001df   Thumb Code     0  startup_gd32f450_470.o(.text)
    I2C2_ER_IRQHandler                       0x080001df   Thumb Code     0  startup_gd32f450_470.o(.text)
    I2C2_EV_IRQHandler                       0x080001df   Thumb Code     0  startup_gd32f450_470.o(.text)
    IPA_IRQHandler                           0x080001df   Thumb Code     0  startup_gd32f450_470.o(.text)
    LVD_IRQHandler                           0x080001df   Thumb Code     0  startup_gd32f450_470.o(.text)
    RCU_CTC_IRQHandler                       0x080001df   Thumb Code     0  startup_gd32f450_470.o(.text)
    RTC_Alarm_IRQHandler                     0x080001df   Thumb Code     0  startup_gd32f450_470.o(.text)
    RTC_WKUP_IRQHandler                      0x080001df   Thumb Code     0  startup_gd32f450_470.o(.text)
    SDIO_IRQHandler                          0x080001df   Thumb Code     0  startup_gd32f450_470.o(.text)
    SPI0_IRQHandler                          0x080001df   Thumb Code     0  startup_gd32f450_470.o(.text)
    SPI1_IRQHandler                          0x080001df   Thumb Code     0  startup_gd32f450_470.o(.text)
    SPI3_IRQHandler                          0x080001df   Thumb Code     0  startup_gd32f450_470.o(.text)
    SPI4_IRQHandler                          0x080001df   Thumb Code     0  startup_gd32f450_470.o(.text)
    SPI5_IRQHandler                          0x080001df   Thumb Code     0  startup_gd32f450_470.o(.text)
    TAMPER_STAMP_IRQHandler                  0x080001df   Thumb Code     0  startup_gd32f450_470.o(.text)
    TIMER0_BRK_TIMER8_IRQHandler             0x080001df   Thumb Code     0  startup_gd32f450_470.o(.text)
    TIMER0_Channel_IRQHandler                0x080001df   Thumb Code     0  startup_gd32f450_470.o(.text)
    TIMER0_TRG_CMT_TIMER10_IRQHandler        0x080001df   Thumb Code     0  startup_gd32f450_470.o(.text)
    TIMER0_UP_TIMER9_IRQHandler              0x080001df   Thumb Code     0  startup_gd32f450_470.o(.text)
    TIMER1_IRQHandler                        0x080001df   Thumb Code     0  startup_gd32f450_470.o(.text)
    TIMER2_IRQHandler                        0x080001df   Thumb Code     0  startup_gd32f450_470.o(.text)
    TIMER4_IRQHandler                        0x080001df   Thumb Code     0  startup_gd32f450_470.o(.text)
    TIMER5_DAC_IRQHandler                    0x080001df   Thumb Code     0  startup_gd32f450_470.o(.text)
    TIMER6_IRQHandler                        0x080001df   Thumb Code     0  startup_gd32f450_470.o(.text)
    TIMER7_BRK_TIMER11_IRQHandler            0x080001df   Thumb Code     0  startup_gd32f450_470.o(.text)
    TIMER7_Channel_IRQHandler                0x080001df   Thumb Code     0  startup_gd32f450_470.o(.text)
    TIMER7_TRG_CMT_TIMER13_IRQHandler        0x080001df   Thumb Code     0  startup_gd32f450_470.o(.text)
    TIMER7_UP_TIMER12_IRQHandler             0x080001df   Thumb Code     0  startup_gd32f450_470.o(.text)
    TLI_ER_IRQHandler                        0x080001df   Thumb Code     0  startup_gd32f450_470.o(.text)
    TLI_IRQHandler                           0x080001df   Thumb Code     0  startup_gd32f450_470.o(.text)
    TRNG_IRQHandler                          0x080001df   Thumb Code     0  startup_gd32f450_470.o(.text)
    UART3_IRQHandler                         0x080001df   Thumb Code     0  startup_gd32f450_470.o(.text)
    UART4_IRQHandler                         0x080001df   Thumb Code     0  startup_gd32f450_470.o(.text)
    UART6_IRQHandler                         0x080001df   Thumb Code     0  startup_gd32f450_470.o(.text)
    UART7_IRQHandler                         0x080001df   Thumb Code     0  startup_gd32f450_470.o(.text)
    USART0_IRQHandler                        0x080001df   Thumb Code     0  startup_gd32f450_470.o(.text)
    USART1_IRQHandler                        0x080001df   Thumb Code     0  startup_gd32f450_470.o(.text)
    USART2_IRQHandler                        0x080001df   Thumb Code     0  startup_gd32f450_470.o(.text)
    USART5_IRQHandler                        0x080001df   Thumb Code     0  startup_gd32f450_470.o(.text)
    USBFS_IRQHandler                         0x080001df   Thumb Code     0  startup_gd32f450_470.o(.text)
    USBFS_WKUP_IRQHandler                    0x080001df   Thumb Code     0  startup_gd32f450_470.o(.text)
    USBHS_EP1_In_IRQHandler                  0x080001df   Thumb Code     0  startup_gd32f450_470.o(.text)
    USBHS_EP1_Out_IRQHandler                 0x080001df   Thumb Code     0  startup_gd32f450_470.o(.text)
    USBHS_IRQHandler                         0x080001df   Thumb Code     0  startup_gd32f450_470.o(.text)
    USBHS_WKUP_IRQHandler                    0x080001df   Thumb Code     0  startup_gd32f450_470.o(.text)
    WWDGT_IRQHandler                         0x080001df   Thumb Code     0  startup_gd32f450_470.o(.text)
    __aeabi_dadd                             0x080001e9   Thumb Code   322  dadd.o(.text)
    __aeabi_dsub                             0x0800032b   Thumb Code     6  dadd.o(.text)
    __aeabi_drsub                            0x08000331   Thumb Code     6  dadd.o(.text)
    __aeabi_dmul                             0x08000337   Thumb Code   228  dmul.o(.text)
    __aeabi_ddiv                             0x0800041b   Thumb Code   222  ddiv.o(.text)
    __aeabi_ui2d                             0x080004f9   Thumb Code    26  dfltui.o(.text)
    __aeabi_cdcmpeq                          0x08000515   Thumb Code     0  cdcmple.o(.text)
    __aeabi_cdcmple                          0x08000515   Thumb Code    48  cdcmple.o(.text)
    __aeabi_cdrcmple                         0x08000545   Thumb Code    48  cdrcmple.o(.text)
    __aeabi_uidiv                            0x08000575   Thumb Code     0  uidiv.o(.text)
    __aeabi_uidivmod                         0x08000575   Thumb Code    44  uidiv.o(.text)
    __aeabi_uldivmod                         0x080005a1   Thumb Code    98  uldiv.o(.text)
    __aeabi_llsl                             0x08000603   Thumb Code    30  llshl.o(.text)
    _ll_shift_l                              0x08000603   Thumb Code     0  llshl.o(.text)
    __aeabi_lasr                             0x08000621   Thumb Code    36  llsshr.o(.text)
    _ll_sshift_r                             0x08000621   Thumb Code     0  llsshr.o(.text)
    __I$use$fp                               0x08000645   Thumb Code     0  iusefp.o(.text)
    _double_round                            0x08000645   Thumb Code    30  depilogue.o(.text)
    _double_epilogue                         0x08000663   Thumb Code   156  depilogue.o(.text)
    _dsqrt                                   0x080006ff   Thumb Code   162  dsqrt.o(.text)
    __aeabi_i2d                              0x080007a1   Thumb Code    34  dflti.o(.text)
    __aeabi_d2ulz                            0x080007c3   Thumb Code    48  dfixul.o(.text)
    __scatterload                            0x080007f5   Thumb Code    28  init.o(.text)
    __scatterload_rt2                        0x080007f5   Thumb Code     0  init.o(.text)
    __aeabi_llsr                             0x08000819   Thumb Code    32  llushr.o(.text)
    _ll_ushift_r                             0x08000819   Thumb Code     0  llushr.o(.text)
    SPI2_IRQHandler                          0x08000839   Thumb Code   156  main.o(i.SPI2_IRQHandler)
    SysTick_Handler                          0x080008ed   Thumb Code     8  platform_systick.o(i.SysTick_Handler)
    SystemInit                               0x080008f5   Thumb Code   194  system_gd32f4xx.o(i.SystemInit)
    TIMER3_IRQHandler                        0x080009c9   Thumb Code    64  main.o(i.TIMER3_IRQHandler)
    WM8978_ADDA_Cfg                          0x08000a15   Thumb Code    64  e4.o(i.WM8978_ADDA_Cfg)
    WM8978_AUX_Gain                          0x08000a55   Thumb Code    54  e4.o(i.WM8978_AUX_Gain)
    WM8978_HPvol_Set                         0x08000a8b   Thumb Code    46  e4.o(i.WM8978_HPvol_Set)
    WM8978_I2S_Cfg                           0x08000ab9   Thumb Code    28  e4.o(i.WM8978_I2S_Cfg)
    WM8978_Init                              0x08000ad5   Thumb Code   106  e4.o(i.WM8978_Init)
    WM8978_Input_Cfg                         0x08000b3f   Thumb Code   102  e4.o(i.WM8978_Input_Cfg)
    WM8978_LINEIN_Gain                       0x08000ba5   Thumb Code    54  e4.o(i.WM8978_LINEIN_Gain)
    WM8978_MIC_Gain                          0x08000bdb   Thumb Code    28  e4.o(i.WM8978_MIC_Gain)
    WM8978_Output_Cfg                        0x08000bf7   Thumb Code    42  e4.o(i.WM8978_Output_Cfg)
    WM8978_Read_Reg                          0x08000c21   Thumb Code    10  e4.o(i.WM8978_Read_Reg)
    WM8978_SPKvol_Set                        0x08000c31   Thumb Code    34  e4.o(i.WM8978_SPKvol_Set)
    WM8978_Write_Reg                         0x08000c55   Thumb Code   264  e4.o(i.WM8978_Write_Reg)
    __0printf                                0x08000d65   Thumb Code    22  printfa.o(i.__0printf)
    __1printf                                0x08000d65   Thumb Code     0  printfa.o(i.__0printf)
    __2printf                                0x08000d65   Thumb Code     0  printfa.o(i.__0printf)
    __c89printf                              0x08000d65   Thumb Code     0  printfa.o(i.__0printf)
    printf                                   0x08000d65   Thumb Code     0  printfa.o(i.__0printf)
    __hardfp_log                             0x08000d89   Thumb Code   872  log.o(i.__hardfp_log)
    __hardfp_log10                           0x08001151   Thumb Code   260  log10.o(i.__hardfp_log10)
    __hardfp_sqrt                            0x08001281   Thumb Code   122  sqrt.o(i.__hardfp_sqrt)
    __kernel_poly                            0x080012fb   Thumb Code   248  poly.o(i.__kernel_poly)
    __mathlib_dbl_divzero                    0x080013f9   Thumb Code    28  dunder.o(i.__mathlib_dbl_divzero)
    __mathlib_dbl_infnan                     0x08001429   Thumb Code    20  dunder.o(i.__mathlib_dbl_infnan)
    __mathlib_dbl_invalid                    0x08001441   Thumb Code    24  dunder.o(i.__mathlib_dbl_invalid)
    __scatterload_copy                       0x08001461   Thumb Code    14  handlers.o(i.__scatterload_copy)
    __scatterload_null                       0x0800146f   Thumb Code     2  handlers.o(i.__scatterload_null)
    __scatterload_zeroinit                   0x08001471   Thumb Code    14  handlers.o(i.__scatterload_zeroinit)
    __set_errno                              0x08001481   Thumb Code     6  errno.o(i.__set_errno)
    calculateDB                              0x08001d19   Thumb Code   234  main.o(i.calculateDB)
    delay_ms_1                               0x08001e2d   Thumb Code    72  platform_systick.o(i.delay_ms_1)
    delay_us                                 0x08001e79   Thumb Code    72  platform_systick.o(i.delay_us)
    dis_led_init                             0x08001ec5   Thumb Code    44  main.o(i.dis_led_init)
    e4_init                                  0x08001ef5   Thumb Code    30  e4.o(i.e4_init)
    e4_sound_recording_config                0x08001f13   Thumb Code    48  e4.o(i.e4_sound_recording_config)
    fputc                                    0x08001f43   Thumb Code    18  main.o(i.fputc)
    get_systick_ms                           0x08001f55   Thumb Code    54  platform_systick.o(i.get_systick_ms)
    get_systick_us                           0x08001f99   Thumb Code    56  platform_systick.o(i.get_systick_us)
    gpio_af_set                              0x08001fdd   Thumb Code    94  gd32f4xx_gpio.o(i.gpio_af_set)
    gpio_bit_reset                           0x0800203b   Thumb Code     4  gd32f4xx_gpio.o(i.gpio_bit_reset)
    gpio_mode_set                            0x0800203f   Thumb Code    78  gd32f4xx_gpio.o(i.gpio_mode_set)
    gpio_output_options_set                  0x0800208d   Thumb Code    66  gd32f4xx_gpio.o(i.gpio_output_options_set)
    i2c2_config                              0x080020d1   Thumb Code    50  i2c.o(i.i2c2_config)
    i2c2_gpio_config                         0x0800210d   Thumb Code   100  i2c.o(i.i2c2_gpio_config)
    i2c_ack_config                           0x08002179   Thumb Code    16  gd32f4xx_i2c.o(i.i2c_ack_config)
    i2c_clock_config                         0x08002189   Thumb Code   216  gd32f4xx_i2c.o(i.i2c_clock_config)
    i2c_data_transmit                        0x0800226d   Thumb Code     6  gd32f4xx_i2c.o(i.i2c_data_transmit)
    i2c_delay                                0x08002273   Thumb Code    12  i2c.o(i.i2c_delay)
    i2c_enable                               0x0800227f   Thumb Code    10  gd32f4xx_i2c.o(i.i2c_enable)
    i2c_flag_clear                           0x08002289   Thumb Code    40  gd32f4xx_i2c.o(i.i2c_flag_clear)
    i2c_flag_get                             0x080022b1   Thumb Code    30  gd32f4xx_i2c.o(i.i2c_flag_get)
    i2c_master_addressing                    0x080022cf   Thumb Code    20  gd32f4xx_i2c.o(i.i2c_master_addressing)
    i2c_mode_addr_config                     0x080022e3   Thumb Code    28  gd32f4xx_i2c.o(i.i2c_mode_addr_config)
    i2c_start_on_bus                         0x080022ff   Thumb Code    10  gd32f4xx_i2c.o(i.i2c_start_on_bus)
    i2c_stop_on_bus                          0x08002309   Thumb Code    10  gd32f4xx_i2c.o(i.i2c_stop_on_bus)
    i2s_config                               0x08002315   Thumb Code   268  e4.o(i.i2s_config)
    i2s_enable                               0x08002431   Thumb Code    10  gd32f4xx_spi.o(i.i2s_enable)
    i2s_full_duplex_mode_config              0x0800243b   Thumb Code    48  gd32f4xx_spi.o(i.i2s_full_duplex_mode_config)
    i2s_init                                 0x0800246b   Thumb Code    28  gd32f4xx_spi.o(i.i2s_init)
    i2s_psc_config                           0x08002489   Thumb Code   280  gd32f4xx_spi.o(i.i2s_psc_config)
    led_init                                 0x080025ad   Thumb Code    94  led.o(i.led_init)
    log                                      0x08002615   Thumb Code    16  log.o(i.log)
    main                                     0x08002625   Thumb Code   158  main.o(i.main)
    nvic_irq_enable                          0x080026f1   Thumb Code   186  gd32f4xx_misc.o(i.nvic_irq_enable)
    nvic_priority_group_set                  0x080027b5   Thumb Code    10  gd32f4xx_misc.o(i.nvic_priority_group_set)
    print_buf_putchar                        0x080027c9   Thumb Code    48  main.o(i.print_buf_putchar)
    print_dB                                 0x080027fd   Thumb Code   232  main.o(i.print_dB)
    rcu_clock_freq_get                       0x08002911   Thumb Code   264  gd32f4xx_rcu.o(i.rcu_clock_freq_get)
    rcu_flag_get                             0x08002a35   Thumb Code    32  gd32f4xx_rcu.o(i.rcu_flag_get)
    rcu_i2s_clock_config                     0x08002a59   Thumb Code    18  gd32f4xx_rcu.o(i.rcu_i2s_clock_config)
    rcu_osci_on                              0x08002a71   Thumb Code    32  gd32f4xx_rcu.o(i.rcu_osci_on)
    rcu_osci_stab_wait                       0x08002a95   Thumb Code   342  gd32f4xx_rcu.o(i.rcu_osci_stab_wait)
    rcu_periph_clock_enable                  0x08002bf1   Thumb Code    32  gd32f4xx_rcu.o(i.rcu_periph_clock_enable)
    rcu_periph_reset_disable                 0x08002c15   Thumb Code    32  gd32f4xx_rcu.o(i.rcu_periph_reset_disable)
    rcu_periph_reset_enable                  0x08002c39   Thumb Code    32  gd32f4xx_rcu.o(i.rcu_periph_reset_enable)
    reset                                    0x08002c5d   Thumb Code    22  rgb.o(i.reset)
    send_led                                 0x08002c75   Thumb Code    22  rgb.o(i.send_led)
    send_led_1                               0x08002c91   Thumb Code    48  rgb.o(i.send_led_1)
    send_rgb                                 0x08002cc1   Thumb Code    18  rgb.o(i.send_rgb)
    send_rgb_1                               0x08002cd9   Thumb Code    92  rgb.o(i.send_rgb_1)
    spark                                    0x08002d39   Thumb Code    98  main.o(i.spark)
    spi_i2s_data_receive                     0x08002da9   Thumb Code     8  gd32f4xx_spi.o(i.spi_i2s_data_receive)
    spi_i2s_data_transmit                    0x08002db1   Thumb Code     4  gd32f4xx_spi.o(i.spi_i2s_data_transmit)
    spi_i2s_deinit                           0x08002db5   Thumb Code   162  gd32f4xx_spi.o(i.spi_i2s_deinit)
    spi_i2s_interrupt_disable                0x08002e61   Thumb Code    48  gd32f4xx_spi.o(i.spi_i2s_interrupt_disable)
    spi_i2s_interrupt_enable                 0x08002e91   Thumb Code    48  gd32f4xx_spi.o(i.spi_i2s_interrupt_enable)
    spi_i2s_interrupt_flag_get               0x08002ec1   Thumb Code   112  gd32f4xx_spi.o(i.spi_i2s_interrupt_flag_get)
    systick_handler                          0x08003035   Thumb Code    38  platform_systick.o(i.systick_handler)
    timer_interrupt_flag_clear               0x08003095   Thumb Code     6  gd32f4xx_timer.o(i.timer_interrupt_flag_clear)
    timer_interrupt_flag_get                 0x0800309b   Thumb Code    24  gd32f4xx_timer.o(i.timer_interrupt_flag_get)
    ugly_408ns_delay                         0x080030b3   Thumb Code    12  rgb.o(i.ugly_408ns_delay)
    ugly_875ns_delay                         0x080030bf   Thumb Code    12  rgb.o(i.ugly_875ns_delay)
    __mathlib_zero                           0x08003108   Data           8  qnan.o(.constdata)
    Region$$Table$$Base                      0x08003110   Number         0  anon$$obj.o(Region$$Table)
    Region$$Table$$Limit                     0x08003130   Number         0  anon$$obj.o(Region$$Table)
    delay_count                              0x20000000   Data           2  main.o(.data)
    time_count                               0x20000002   Data           2  main.o(.data)
    playcnt                                  0x20000004   Data           4  main.o(.data)
    playflag                                 0x20000008   Data           1  main.o(.data)
    start_flag                               0x20000009   Data           1  main.o(.data)
    record_flag                              0x2000000a   Data           1  main.o(.data)
    seatMin                                  0x2000000c   Data           4  main.o(.data)
    __stdout                                 0x20000094   Data           4  stdout.o(.data)
    stdio_print_buf                          0x2000009c   Data       40100  main.o(.bss)
    playdata                                 0x20009d40   Data        3200  main.o(.bss)
    colorBuffer                              0x2000a9c0   Data         124  main.o(.bss)
    __initial_sp                             0x2000ae40   Data           0  startup_gd32f450_470.o(STACK)



==============================================================================

Memory Map of the image

  Image Entry point : 0x080001ad

  Load Region LR_IROM1 (Base: 0x08000000, Size: 0x000031cc, Max: 0x00300000, ABSOLUTE)

    Execution Region ER_IROM1 (Exec base: 0x08000000, Load base: 0x08000000, Size: 0x00003130, Max: 0x00300000, ABSOLUTE)

    Exec Addr    Load Addr    Size         Type   Attr      Idx    E Section Name        Object

    0x08000000   0x08000000   0x000001ac   Data   RO         5969    RESET               startup_gd32f450_470.o
    0x080001ac   0x080001ac   0x00000000   Code   RO         6334  * .ARM.Collect$$$$00000000  mc_w.l(entry.o)
    0x080001ac   0x080001ac   0x00000004   Code   RO         6642    .ARM.Collect$$$$00000001  mc_w.l(entry2.o)
    0x080001b0   0x080001b0   0x00000004   Code   RO         6645    .ARM.Collect$$$$00000004  mc_w.l(entry5.o)
    0x080001b4   0x080001b4   0x00000000   Code   RO         6647    .ARM.Collect$$$$00000008  mc_w.l(entry7b.o)
    0x080001b4   0x080001b4   0x00000000   Code   RO         6649    .ARM.Collect$$$$0000000A  mc_w.l(entry8b.o)
    0x080001b4   0x080001b4   0x00000008   Code   RO         6650    .ARM.Collect$$$$0000000B  mc_w.l(entry9a.o)
    0x080001bc   0x080001bc   0x00000004   Code   RO         6657    .ARM.Collect$$$$0000000E  mc_w.l(entry12b.o)
    0x080001c0   0x080001c0   0x00000000   Code   RO         6652    .ARM.Collect$$$$0000000F  mc_w.l(entry10a.o)
    0x080001c0   0x080001c0   0x00000000   Code   RO         6654    .ARM.Collect$$$$00000011  mc_w.l(entry11a.o)
    0x080001c0   0x080001c0   0x00000004   Code   RO         6643    .ARM.Collect$$$$00002712  mc_w.l(entry2.o)
    0x080001c4   0x080001c4   0x00000024   Code   RO         5970    .text               startup_gd32f450_470.o
    0x080001e8   0x080001e8   0x0000014e   Code   RO         6602    .text               mf_w.l(dadd.o)
    0x08000336   0x08000336   0x000000e4   Code   RO         6604    .text               mf_w.l(dmul.o)
    0x0800041a   0x0800041a   0x000000de   Code   RO         6606    .text               mf_w.l(ddiv.o)
    0x080004f8   0x080004f8   0x0000001a   Code   RO         6608    .text               mf_w.l(dfltui.o)
    0x08000512   0x08000512   0x00000002   PAD
    0x08000514   0x08000514   0x00000030   Code   RO         6610    .text               mf_w.l(cdcmple.o)
    0x08000544   0x08000544   0x00000030   Code   RO         6612    .text               mf_w.l(cdrcmple.o)
    0x08000574   0x08000574   0x0000002c   Code   RO         6659    .text               mc_w.l(uidiv.o)
    0x080005a0   0x080005a0   0x00000062   Code   RO         6661    .text               mc_w.l(uldiv.o)
    0x08000602   0x08000602   0x0000001e   Code   RO         6663    .text               mc_w.l(llshl.o)
    0x08000620   0x08000620   0x00000024   Code   RO         6665    .text               mc_w.l(llsshr.o)
    0x08000644   0x08000644   0x00000000   Code   RO         6674    .text               mc_w.l(iusefp.o)
    0x08000644   0x08000644   0x000000ba   Code   RO         6675    .text               mf_w.l(depilogue.o)
    0x080006fe   0x080006fe   0x000000a2   Code   RO         6679    .text               mf_w.l(dsqrt.o)
    0x080007a0   0x080007a0   0x00000022   Code   RO         6681    .text               mf_w.l(dflti.o)
    0x080007c2   0x080007c2   0x00000030   Code   RO         6683    .text               mf_w.l(dfixul.o)
    0x080007f2   0x080007f2   0x00000002   PAD
    0x080007f4   0x080007f4   0x00000024   Code   RO         6688    .text               mc_w.l(init.o)
    0x08000818   0x08000818   0x00000020   Code   RO         6690    .text               mc_w.l(llushr.o)
    0x08000838   0x08000838   0x000000b4   Code   RO            3    i.SPI2_IRQHandler   main.o
    0x080008ec   0x080008ec   0x00000008   Code   RO          259    i.SysTick_Handler   platform_systick.o
    0x080008f4   0x080008f4   0x000000d4   Code   RO         5977    i.SystemInit        system_gd32f4xx.o
    0x080009c8   0x080009c8   0x0000004c   Code   RO            4    i.TIMER3_IRQHandler  main.o
    0x08000a14   0x08000a14   0x00000040   Code   RO         6019    i.WM8978_ADDA_Cfg   e4.o
    0x08000a54   0x08000a54   0x00000036   Code   RO         6020    i.WM8978_AUX_Gain   e4.o
    0x08000a8a   0x08000a8a   0x0000002e   Code   RO         6027    i.WM8978_HPvol_Set  e4.o
    0x08000ab8   0x08000ab8   0x0000001c   Code   RO         6028    i.WM8978_I2S_Cfg    e4.o
    0x08000ad4   0x08000ad4   0x0000006a   Code   RO         6029    i.WM8978_Init       e4.o
    0x08000b3e   0x08000b3e   0x00000066   Code   RO         6030    i.WM8978_Input_Cfg  e4.o
    0x08000ba4   0x08000ba4   0x00000036   Code   RO         6031    i.WM8978_LINEIN_Gain  e4.o
    0x08000bda   0x08000bda   0x0000001c   Code   RO         6032    i.WM8978_MIC_Gain   e4.o
    0x08000bf6   0x08000bf6   0x0000002a   Code   RO         6033    i.WM8978_Output_Cfg  e4.o
    0x08000c20   0x08000c20   0x00000010   Code   RO         6034    i.WM8978_Read_Reg   e4.o
    0x08000c30   0x08000c30   0x00000022   Code   RO         6035    i.WM8978_SPKvol_Set  e4.o
    0x08000c52   0x08000c52   0x00000002   PAD
    0x08000c54   0x08000c54   0x00000110   Code   RO         6036    i.WM8978_Write_Reg  e4.o
    0x08000d64   0x08000d64   0x00000020   Code   RO         6574    i.__0printf         mc_w.l(printfa.o)
    0x08000d84   0x08000d84   0x00000004   PAD
    0x08000d88   0x08000d88   0x000003c4   Code   RO         6628    i.__hardfp_log      m_wm.l(log.o)
    0x0800114c   0x0800114c   0x00000004   PAD
    0x08001150   0x08001150   0x00000130   Code   RO         6310    i.__hardfp_log10    m_wm.l(log10.o)
    0x08001280   0x08001280   0x0000007a   Code   RO         6322    i.__hardfp_sqrt     m_wm.l(sqrt.o)
    0x080012fa   0x080012fa   0x000000f8   Code   RO         6685    i.__kernel_poly     m_wm.l(poly.o)
    0x080013f2   0x080013f2   0x00000006   PAD
    0x080013f8   0x080013f8   0x00000030   Code   RO         6614    i.__mathlib_dbl_divzero  m_wm.l(dunder.o)
    0x08001428   0x08001428   0x00000014   Code   RO         6615    i.__mathlib_dbl_infnan  m_wm.l(dunder.o)
    0x0800143c   0x0800143c   0x00000004   PAD
    0x08001440   0x08001440   0x00000020   Code   RO         6617    i.__mathlib_dbl_invalid  m_wm.l(dunder.o)
    0x08001460   0x08001460   0x0000000e   Code   RO         6694    i.__scatterload_copy  mc_w.l(handlers.o)
    0x0800146e   0x0800146e   0x00000002   Code   RO         6695    i.__scatterload_null  mc_w.l(handlers.o)
    0x08001470   0x08001470   0x0000000e   Code   RO         6696    i.__scatterload_zeroinit  mc_w.l(handlers.o)
    0x0800147e   0x0800147e   0x00000002   PAD
    0x08001480   0x08001480   0x0000000c   Code   RO         6669    i.__set_errno       mc_w.l(errno.o)
    0x0800148c   0x0800148c   0x00000184   Code   RO         6581    i._fp_digits        mc_w.l(printfa.o)
    0x08001610   0x08001610   0x000006b4   Code   RO         6582    i._printf_core      mc_w.l(printfa.o)
    0x08001cc4   0x08001cc4   0x00000024   Code   RO         6583    i._printf_post_padding  mc_w.l(printfa.o)
    0x08001ce8   0x08001ce8   0x0000002e   Code   RO         6584    i._printf_pre_padding  mc_w.l(printfa.o)
    0x08001d16   0x08001d16   0x00000002   PAD
    0x08001d18   0x08001d18   0x00000114   Code   RO            5    i.calculateDB       main.o
    0x08001e2c   0x08001e2c   0x0000004c   Code   RO          261    i.delay_ms_1        platform_systick.o
    0x08001e78   0x08001e78   0x0000004c   Code   RO          262    i.delay_us          platform_systick.o
    0x08001ec4   0x08001ec4   0x00000030   Code   RO            7    i.dis_led_init      main.o
    0x08001ef4   0x08001ef4   0x0000001e   Code   RO         6037    i.e4_init           e4.o
    0x08001f12   0x08001f12   0x00000030   Code   RO         6039    i.e4_sound_recording_config  e4.o
    0x08001f42   0x08001f42   0x00000012   Code   RO            8    i.fputc             main.o
    0x08001f54   0x08001f54   0x00000044   Code   RO          263    i.get_systick_ms    platform_systick.o
    0x08001f98   0x08001f98   0x00000044   Code   RO          265    i.get_systick_us    platform_systick.o
    0x08001fdc   0x08001fdc   0x0000005e   Code   RO         2948    i.gpio_af_set       gd32f4xx_gpio.o
    0x0800203a   0x0800203a   0x00000004   Code   RO         2949    i.gpio_bit_reset    gd32f4xx_gpio.o
    0x0800203e   0x0800203e   0x0000004e   Code   RO         2956    i.gpio_mode_set     gd32f4xx_gpio.o
    0x0800208c   0x0800208c   0x00000042   Code   RO         2958    i.gpio_output_options_set  gd32f4xx_gpio.o
    0x080020ce   0x080020ce   0x00000002   PAD
    0x080020d0   0x080020d0   0x0000003c   Code   RO         6183    i.i2c2_config       i2c.o
    0x0800210c   0x0800210c   0x0000006c   Code   RO         6184    i.i2c2_gpio_config  i2c.o
    0x08002178   0x08002178   0x00000010   Code   RO         3052    i.i2c_ack_config    gd32f4xx_i2c.o
    0x08002188   0x08002188   0x000000e4   Code   RO         3056    i.i2c_clock_config  gd32f4xx_i2c.o
    0x0800226c   0x0800226c   0x00000006   Code   RO         3058    i.i2c_data_transmit  gd32f4xx_i2c.o
    0x08002272   0x08002272   0x0000000c   Code   RO         6188    i.i2c_delay         i2c.o
    0x0800227e   0x0800227e   0x0000000a   Code   RO         3066    i.i2c_enable        gd32f4xx_i2c.o
    0x08002288   0x08002288   0x00000028   Code   RO         3067    i.i2c_flag_clear    gd32f4xx_i2c.o
    0x080022b0   0x080022b0   0x0000001e   Code   RO         3068    i.i2c_flag_get      gd32f4xx_i2c.o
    0x080022ce   0x080022ce   0x00000014   Code   RO         3073    i.i2c_master_addressing  gd32f4xx_i2c.o
    0x080022e2   0x080022e2   0x0000001c   Code   RO         3074    i.i2c_mode_addr_config  gd32f4xx_i2c.o
    0x080022fe   0x080022fe   0x0000000a   Code   RO         3087    i.i2c_start_on_bus  gd32f4xx_i2c.o
    0x08002308   0x08002308   0x0000000a   Code   RO         3088    i.i2c_stop_on_bus   gd32f4xx_i2c.o
    0x08002312   0x08002312   0x00000002   PAD
    0x08002314   0x08002314   0x0000011c   Code   RO         6040    i.i2s_config        e4.o
    0x08002430   0x08002430   0x0000000a   Code   RO         4570    i.i2s_enable        gd32f4xx_spi.o
    0x0800243a   0x0800243a   0x00000030   Code   RO         4571    i.i2s_full_duplex_mode_config  gd32f4xx_spi.o
    0x0800246a   0x0800246a   0x0000001c   Code   RO         4572    i.i2s_init          gd32f4xx_spi.o
    0x08002486   0x08002486   0x00000002   PAD
    0x08002488   0x08002488   0x00000124   Code   RO         4573    i.i2s_psc_config    gd32f4xx_spi.o
    0x080025ac   0x080025ac   0x00000068   Code   RO          427    i.led_init          led.o
    0x08002614   0x08002614   0x00000010   Code   RO         6630    i.log               m_wm.l(log.o)
    0x08002624   0x08002624   0x000000cc   Code   RO           10    i.main              main.o
    0x080026f0   0x080026f0   0x000000c4   Code   RO         3521    i.nvic_irq_enable   gd32f4xx_misc.o
    0x080027b4   0x080027b4   0x00000014   Code   RO         3522    i.nvic_priority_group_set  gd32f4xx_misc.o
    0x080027c8   0x080027c8   0x00000034   Code   RO           11    i.print_buf_putchar  main.o
    0x080027fc   0x080027fc   0x00000114   Code   RO           12    i.print_dB          main.o
    0x08002910   0x08002910   0x00000124   Code   RO         3726    i.rcu_clock_freq_get  gd32f4xx_rcu.o
    0x08002a34   0x08002a34   0x00000024   Code   RO         3729    i.rcu_flag_get      gd32f4xx_rcu.o
    0x08002a58   0x08002a58   0x00000018   Code   RO         3732    i.rcu_i2s_clock_config  gd32f4xx_rcu.o
    0x08002a70   0x08002a70   0x00000024   Code   RO         3742    i.rcu_osci_on       gd32f4xx_rcu.o
    0x08002a94   0x08002a94   0x0000015c   Code   RO         3743    i.rcu_osci_stab_wait  gd32f4xx_rcu.o
    0x08002bf0   0x08002bf0   0x00000024   Code   RO         3745    i.rcu_periph_clock_enable  gd32f4xx_rcu.o
    0x08002c14   0x08002c14   0x00000024   Code   RO         3748    i.rcu_periph_reset_disable  gd32f4xx_rcu.o
    0x08002c38   0x08002c38   0x00000024   Code   RO         3749    i.rcu_periph_reset_enable  gd32f4xx_rcu.o
    0x08002c5c   0x08002c5c   0x00000016   Code   RO          334    i.reset             rgb.o
    0x08002c72   0x08002c72   0x00000002   PAD
    0x08002c74   0x08002c74   0x0000001c   Code   RO          339    i.send_led          rgb.o
    0x08002c90   0x08002c90   0x00000030   Code   RO          340    i.send_led_1        rgb.o
    0x08002cc0   0x08002cc0   0x00000018   Code   RO          343    i.send_rgb          rgb.o
    0x08002cd8   0x08002cd8   0x00000060   Code   RO          344    i.send_rgb_1        rgb.o
    0x08002d38   0x08002d38   0x00000070   Code   RO           14    i.spark             main.o
    0x08002da8   0x08002da8   0x00000008   Code   RO         4587    i.spi_i2s_data_receive  gd32f4xx_spi.o
    0x08002db0   0x08002db0   0x00000004   Code   RO         4588    i.spi_i2s_data_transmit  gd32f4xx_spi.o
    0x08002db4   0x08002db4   0x000000ac   Code   RO         4589    i.spi_i2s_deinit    gd32f4xx_spi.o
    0x08002e60   0x08002e60   0x00000030   Code   RO         4592    i.spi_i2s_interrupt_disable  gd32f4xx_spi.o
    0x08002e90   0x08002e90   0x00000030   Code   RO         4593    i.spi_i2s_interrupt_enable  gd32f4xx_spi.o
    0x08002ec0   0x08002ec0   0x00000070   Code   RO         4594    i.spi_i2s_interrupt_flag_get  gd32f4xx_spi.o
    0x08002f30   0x08002f30   0x000000fc   Code   RO         5978    i.system_clock_240m_irc16m  system_gd32f4xx.o
    0x0800302c   0x0800302c   0x00000008   Code   RO         5979    i.system_clock_config  system_gd32f4xx.o
    0x08003034   0x08003034   0x0000003c   Code   RO          267    i.systick_handler   platform_systick.o
    0x08003070   0x08003070   0x00000024   Code   RO          268    i.systick_init      platform_systick.o
    0x08003094   0x08003094   0x00000006   Code   RO         4940    i.timer_interrupt_flag_clear  gd32f4xx_timer.o
    0x0800309a   0x0800309a   0x00000018   Code   RO         4941    i.timer_interrupt_flag_get  gd32f4xx_timer.o
    0x080030b2   0x080030b2   0x0000000c   Code   RO          345    i.ugly_408ns_delay  rgb.o
    0x080030be   0x080030be   0x0000000c   Code   RO          346    i.ugly_875ns_delay  rgb.o
    0x080030ca   0x080030ca   0x00000006   PAD
    0x080030d0   0x080030d0   0x00000038   Data   RO         6631    .constdata          m_wm.l(log.o)
    0x08003108   0x08003108   0x00000008   Data   RO         6687    .constdata          m_wm.l(qnan.o)
    0x08003110   0x08003110   0x00000020   Data   RO         6692    Region$$Table       anon$$obj.o


    Execution Region RW_IRAM1 (Exec base: 0x20000000, Load base: 0x08003130, Size: 0x0000ae40, Max: 0x00030000, ABSOLUTE)

    Exec Addr    Load Addr    Size         Type   Attr      Idx    E Section Name        Object

    0x20000000   0x08003130   0x00000010   Data   RW           19    .data               main.o
    0x20000010   0x08003140   0x0000000d   Data   RW          269    .data               platform_systick.o
    0x2000001d   0x0800314d   0x00000001   PAD
    0x2000001e   0x0800314e   0x00000074   Data   RW         6041    .data               e4.o
    0x20000092   0x080031c2   0x00000002   PAD
    0x20000094   0x080031c4   0x00000004   Data   RW         6658    .data               mc_w.l(stdout.o)
    0x20000098   0x080031c8   0x00000004   Data   RW         6670    .data               mc_w.l(errno.o)
    0x2000009c        -       0x0000a9a0   Zero   RW           18    .bss                main.o
    0x2000aa3c   0x080031cc   0x00000004   PAD
    0x2000aa40        -       0x00000400   Zero   RW         5967    STACK               startup_gd32f450_470.o


==============================================================================

Image component sizes


      Code (inc. data)   RO Data    RW Data    ZI Data      Debug   Object Name

      1208         30          0        116          0       9188   e4.o
       242          0          0          0          0       3225   gd32f4xx_gpio.o
       398         12          0          0          0       7177   gd32f4xx_i2c.o
       216         20          0          0          0       1564   gd32f4xx_misc.o
       844         60          0          0          0       6701   gd32f4xx_rcu.o
       770         30          0          0          0       7711   gd32f4xx_spi.o
        30          0          0          0          0       1456   gd32f4xx_timer.o
       180         18          0          0          0       1497   i2c.o
       104         10          0          0          0        487   led.o
      1242        190          0         16      43424      49783   main.o
       392         66          0         13          0       4738   platform_systick.o
       242         16          0          0          0       4286   rgb.o
        36          8        428          0       1024        916   startup_gd32f450_470.o
       472         32          0          0          0       2689   system_gd32f4xx.o

    ----------------------------------------------------------------------
      6392        492        460        148      44452     101418   Object Totals
         0          0         32          0          0          0   (incl. Generated)
        16          0          0          3          4          0   (incl. Padding)

    ----------------------------------------------------------------------

      Code (inc. data)   RO Data    RW Data    ZI Data      Debug   Library Member Name

       100         28          0          0          0        372   dunder.o
       980         92         56          0          0        440   log.o
       304         44          0          0          0        200   log10.o
       248          0          0          0          0        152   poly.o
         0          0          8          0          0          0   qnan.o
       122          0          0          0          0        148   sqrt.o
         0          0          0          0          0          0   entry.o
         0          0          0          0          0          0   entry10a.o
         0          0          0          0          0          0   entry11a.o
         4          0          0          0          0          0   entry12b.o
         8          4          0          0          0          0   entry2.o
         4          0          0          0          0          0   entry5.o
         0          0          0          0          0          0   entry7b.o
         0          0          0          0          0          0   entry8b.o
         8          4          0          0          0          0   entry9a.o
        12          6          0          4          0         68   errno.o
        30          0          0          0          0          0   handlers.o
        36          8          0          0          0         68   init.o
         0          0          0          0          0          0   iusefp.o
        30          0          0          0          0         68   llshl.o
        36          0          0          0          0         68   llsshr.o
        32          0          0          0          0         68   llushr.o
      2218         90          0          0          0        464   printfa.o
         0          0          0          4          0          0   stdout.o
        44          0          0          0          0         80   uidiv.o
        98          0          0          0          0         92   uldiv.o
        48          0          0          0          0         68   cdcmple.o
        48          0          0          0          0         68   cdrcmple.o
       334          0          0          0          0        148   dadd.o
       222          0          0          0          0        100   ddiv.o
       186          0          0          0          0        176   depilogue.o
        48          0          0          0          0         68   dfixul.o
        34          0          0          0          0         76   dflti.o
        26          0          0          0          0         76   dfltui.o
       228          0          0          0          0         96   dmul.o
       162          0          0          0          0        100   dsqrt.o

    ----------------------------------------------------------------------
      5676        284         64          8          0       3264   Library Totals
        26          8          0          0          0          0   (incl. Padding)

    ----------------------------------------------------------------------

      Code (inc. data)   RO Data    RW Data    ZI Data      Debug   Library Name

      1754        164         64          0          0       1312   m_wm.l
      2560        112          0          8          0        976   mc_w.l
      1336          0          0          0          0        976   mf_w.l

    ----------------------------------------------------------------------
      5676        284         64          8          0       3264   Library Totals

    ----------------------------------------------------------------------

==============================================================================


      Code (inc. data)   RO Data    RW Data    ZI Data      Debug   

     12068        776        524        156      44452      95398   Grand Totals
     12068        776        524        156      44452      95398   ELF Image Totals
     12068        776        524        156          0          0   ROM Totals

==============================================================================

    Total RO  Size (Code + RO Data)                12592 (  12.30kB)
    Total RW  Size (RW Data + ZI Data)             44608 (  43.56kB)
    Total ROM Size (Code + RO Data + RW Data)      12748 (  12.45kB)

==============================================================================

