<html>
<body>
<pre>
<h1>µVision Build Log</h1>
<h2>Tool Versions:</h2>
IDE-Version: ¦ÌVision V5.36.0.0
Copyright (C) 2021 ARM Ltd and ARM Germany GmbH. All rights reserved.
License Information: star star, bupt, LIC=03C6R-K9S8B-BS7YX-HWQPJ-BVKY2-K51L5
 
Tool Versions:
Toolchain:       MDK-ARM Plus  Version: 5.36.0.0
Toolchain Path:  D:\star\software\keilv5\core\ARM\ARMCC\Bin
C Compiler:      Armcc.exe V5.06 update 7 (build 960)
Assembler:       Armasm.exe V5.06 update 7 (build 960)
Linker/Locator:  ArmLink.exe V5.06 update 7 (build 960)
Library Manager: ArmAr.exe V5.06 update 7 (build 960)
Hex Converter:   FromElf.exe V5.06 update 7 (build 960)
CPU DLL:         SARMCM3.DLL V5.36.0.0
Dialog DLL:      DCM.DLL V1.17.3.0
Target DLL:      CMSIS_AGDI.dll V1.33.0.0
Dialog DLL:      TCM.DLL V1.53.0.0
 
<h2>Project:</h2>
D:\Projects\keil\lab2-gpio-led\MDK-ARM\gpio_led.uvprojx
Project File Date:  01/17/2024

<h2>Output:</h2>
*** Using Compiler 'V5.06 update 7 (build 960)', folder: 'D:\star\software\keilv5\core\ARM\ARMCC\Bin'
Build target 'U1-GD32F450Z'
compiling main.c...
..\Application\RGB.h(42): warning:  #1295-D: Deprecated declaration ugly_875ns_delay - give arg types
  void ugly_875ns_delay();
..\Application\RGB.h(43): warning:  #1295-D: Deprecated declaration ugly_408ns_delay - give arg types
  void ugly_408ns_delay();
..\Application\RGB.h(53): warning:  #1295-D: Deprecated declaration send_green - give arg types
  void send_green();
..\Application\RGB.h(54): warning:  #1295-D: Deprecated declaration send_blue - give arg types
  void send_blue();
..\Application\RGB.h(55): warning:  #1295-D: Deprecated declaration send_red - give arg types
  void send_red();
..\Application\led.h(16): warning:  #1295-D: Deprecated declaration led_init - give arg types
  void led_init() ;
..\Application\led.h(17): warning:  #1295-D: Deprecated declaration led_flash - give arg types
  void led_flash();
..\Application\led.h(18): warning:  #1295-D: Deprecated declaration test_delayer - give arg types
  void test_delayer();
..\Application\main.c(96): warning:  #167-D: argument of type "int *" is incompatible with parameter of type "uint32_t *"
      send_led(colorBuffer,30);
..\Application\main.c: 9 warnings, 0 errors
linking...
Program Size: Code=11780 RO-data=524 RW-data=152 ZI-data=8448  
FromELF: creating hex file...
".\Objects\gpio_led.axf" - 0 Error(s), 9 Warning(s).

<h2>Software Packages used:</h2>

Package Vendor: GigaDevice
                https://gd32mcu.com/data/documents/pack/GigaDevice.GD32F4xx_DFP.3.0.3.pack
                GigaDevice.GD32F4xx_DFP.3.0.3
                GigaDevice GD32F4xx Series Device Support and Examples

<h2>Collection of Component include folders:</h2>
  D:\star\software\keilv5\pack\GigaDevice\GD32F4xx_DFP\3.0.3\Device\F4XX\Include

<h2>Collection of Component Files used:</h2>
Build Time Elapsed:  00:00:01
</pre>
</body>
</html>
